Component: ARM Compiler 5.06 update 6 (build 750) Tool: armlink [4d35ed]

==============================================================================

Section Cross References

    main.o(i.handle_action_idle) refers to malloc.o(i.malloc) for malloc
    main.o(i.handle_action_idle) refers to decision_tree.o(i.dt_predict) for dt_predict
    main.o(i.handle_action_idle) refers to action.o(i.action_enum_to_action) for action_enum_to_action
    main.o(i.handle_action_idle) refers to malloc.o(i.free) for free
    main.o(i.handle_action_idle) refers to ultrasonic_sensor.o(.constdata) for n_sensors
    main.o(i.handle_action_idle) refers to ultrasonic_sensor.o(.bss) for ultrasonic_distance
    main.o(i.handle_action_idle) refers to decision_tree.o(.data) for dt_result
    main.o(i.handle_push_button_pressed) refers to motor_driver.o(i.motor_both_update_duty_cycle) for motor_both_update_duty_cycle
    main.o(i.handle_push_button_pressed) refers to push_button.o(.data) for push_button_pressed
    main.o(i.handle_push_button_pressed) refers to action.o(.data) for action_current
    main.o(i.handle_push_button_pressed_test) refers to action.o(i.action_enum_to_action) for action_enum_to_action
    main.o(i.handle_push_button_pressed_test) refers to push_button.o(.data) for push_button_pressed
    main.o(i.handle_push_button_pressed_test) refers to main.o(.data) for i
    main.o(i.handle_ultrasonic_updated_led) refers to led.o(i.led_turn_off) for led_turn_off
    main.o(i.handle_ultrasonic_updated_led) refers to led.o(i.led_turn_on) for led_turn_on
    main.o(i.handle_ultrasonic_updated_led) refers to ultrasonic_sensor.o(.data) for ultrasonic_updated
    main.o(i.handle_ultrasonic_updated_led) refers to ultrasonic_sensor.o(.bss) for ultrasonic_distance
    main.o(i.init) refers to ultrasonic_sensor.o(i.ultrasonic_init) for ultrasonic_init
    main.o(i.init) refers to led.o(i.led_init) for led_init
    main.o(i.init) refers to motor_driver.o(i.motor_init) for motor_init
    main.o(i.init) refers to push_button.o(i.push_button_init) for push_button_init
    main.o(i.init) refers to action.o(i.action_init) for action_init
    main.o(i.main) refers to main.o(i.init) for init
    main.o(i.main) refers to main.o(i.update) for update
    main.o(i.update) refers to main.o(i.handle_ultrasonic_updated_led) for handle_ultrasonic_updated_led
    main.o(i.update) refers to main.o(i.handle_action_idle) for handle_action_idle
    main.o(i.update) refers to main.o(i.handle_push_button_pressed_test) for handle_push_button_pressed_test
    main.o(i.update) refers to ultrasonic_sensor.o(.data) for ultrasonic_updated
    main.o(i.update) refers to ultrasonic_sensor.o(.constdata) for n_sensors
    main.o(i.update) refers to action.o(.data) for action_current
    main.o(i.update) refers to push_button.o(.data) for push_button_pressed
    ultrasonic_sensor.o(i.TIMER2_IRQHandler) refers to ultrasonic_sensor.o(i.ultrasonic_handle_single) for ultrasonic_handle_single
    ultrasonic_sensor.o(i.TIMER2_IRQHandler) refers to ultrasonic_sensor.o(.data) for TIM2_using_sensors
    ultrasonic_sensor.o(i.TIMER3_IRQHandler) refers to ultrasonic_sensor.o(i.ultrasonic_handle_single) for ultrasonic_handle_single
    ultrasonic_sensor.o(i.TIMER3_IRQHandler) refers to ultrasonic_sensor.o(.data) for TIM3_using_sensors
    ultrasonic_sensor.o(i.ultrasonic_handle_single) refers to ultrasonic_sensor.o(.data) for is_trig_rising
    ultrasonic_sensor.o(i.ultrasonic_handle_single) refers to ultrasonic_sensor.o(.bss) for last_measurement
    ultrasonic_sensor.o(i.ultrasonic_init) refers to ultrasonic_sensor.o(i.ultrasonic_init_single) for ultrasonic_init_single
    ultrasonic_sensor.o(i.ultrasonic_init) refers to ultrasonic_sensor.o(i.start_triggering) for start_triggering
    ultrasonic_sensor.o(i.ultrasonic_init) refers to ultrasonic_sensor.o(.data) for ultrasonic
    led.o(i.led_turn_off_all) refers to led.o(i.led_turn_off) for led_turn_off
    led.o(i.led_turn_on_solo) refers to led.o(i.led_turn_on) for led_turn_on
    led.o(i.led_turn_on_solo) refers to led.o(i.led_turn_off) for led_turn_off
    motor_driver.o(i.motor_both_backward) refers to motor_driver.o(i.motor1_backward) for motor1_backward
    motor_driver.o(i.motor_both_backward) refers to motor_driver.o(i.motor2_backward) for motor2_backward
    motor_driver.o(i.motor_both_forward) refers to motor_driver.o(i.motor1_forward) for motor1_forward
    motor_driver.o(i.motor_both_forward) refers to motor_driver.o(i.motor2_forward) for motor2_forward
    motor_driver.o(i.motor_both_update_duty_cycle) refers to motor_driver.o(i.motor1_update_duty_cycle) for motor1_update_duty_cycle
    motor_driver.o(i.motor_both_update_duty_cycle) refers to motor_driver.o(i.motor2_update_duty_cycle) for motor2_update_duty_cycle
    motor_driver.o(i.motor_init) refers to motor_driver.o(i.motor_both_forward) for motor_both_forward
    push_button.o(i.EINT0_IRQHandler) refers to push_button.o(.data) for push_button_pressed
[...]
    Removing transformfunctions.o(i.stage_rfft_f32), (258 bytes).
    Removing transformfunctions.o(i.stage_rfft_f64), (612 bytes).
    Removing arm_nn_activations_q15.o(.rev16_text), (4 bytes).
    Removing arm_nn_activations_q15.o(.revsh_text), (4 bytes).
    Removing arm_nn_activations_q15.o(.rrx_text), (6 bytes).
    Removing arm_nn_activations_q15.o(i.arm_nn_activations_direct_q15), (188 bytes).
    Removing arm_nn_activations_q7.o(.rev16_text), (4 bytes).
    Removing arm_nn_activations_q7.o(.revsh_text), (4 bytes).
    Removing arm_nn_activations_q7.o(.rrx_text), (6 bytes).
    Removing arm_nn_activations_q7.o(i.arm_nn_activations_direct_q7), (88 bytes).
    Removing arm_relu6_s8.o(.rev16_text), (4 bytes).
    Removing arm_relu6_s8.o(.revsh_text), (4 bytes).
    Removing arm_relu6_s8.o(.rrx_text), (6 bytes).
    Removing arm_relu6_s8.o(i.arm_relu6_s8), (44 bytes).
    Removing arm_relu_q15.o(.rev16_text), (4 bytes).
    Removing arm_relu_q15.o(.revsh_text), (4 bytes).
    Removing arm_relu_q15.o(.rrx_text), (6 bytes).
    Removing arm_relu_q15.o(i.arm_relu_q15), (110 bytes).
    Removing arm_relu_q7.o(.rev16_text), (4 bytes).
    Removing arm_relu_q7.o(.revsh_text), (4 bytes).
    Removing arm_relu_q7.o(.rrx_text), (6 bytes).
    Removing arm_relu_q7.o(i.arm_relu_q7), (156 bytes).
    Removing arm_elementwise_add_s8.o(.rev16_text), (4 bytes).
    Removing arm_elementwise_add_s8.o(.revsh_text), (4 bytes).
    Removing arm_elementwise_add_s8.o(.rrx_text), (6 bytes).
    Removing arm_elementwise_add_s8.o(i.arm_elementwise_add_s8), (3570 bytes).
    Removing arm_elementwise_mul_s8.o(.rev16_text), (4 bytes).
    Removing arm_elementwise_mul_s8.o(.revsh_text), (4 bytes).
    Removing arm_elementwise_mul_s8.o(.rrx_text), (6 bytes).
    Removing arm_elementwise_mul_s8.o(i.arm_elementwise_mul_s8), (1774 bytes).
    Removing arm_concatenation_s8_w.o(.rev16_text), (4 bytes).
    Removing arm_concatenation_s8_w.o(.revsh_text), (4 bytes).
    Removing arm_concatenation_s8_w.o(.rrx_text), (6 bytes).
    Removing arm_concatenation_s8_w.o(i.arm_concatenation_s8_w), (54 bytes).
    Removing arm_concatenation_s8_x.o(.rev16_text), (4 bytes).
    Removing arm_concatenation_s8_x.o(.revsh_text), (4 bytes).
    Removing arm_concatenation_s8_x.o(.rrx_text), (6 bytes).
    Removing arm_concatenation_s8_x.o(i.arm_concatenation_s8_x), (68 bytes).
    Removing arm_concatenation_s8_y.o(.rev16_text), (4 bytes).
    Removing arm_concatenation_s8_y.o(.revsh_text), (4 bytes).
    Removing arm_concatenation_s8_y.o(.rrx_text), (6 bytes).
    Removing arm_concatenation_s8_y.o(i.arm_concatenation_s8_y), (74 bytes).
    Removing arm_concatenation_s8_z.o(.rev16_text), (4 bytes).
    Removing arm_concatenation_s8_z.o(.revsh_text), (4 bytes).
    Removing arm_concatenation_s8_z.o(.rrx_text), (6 bytes).
    Removing arm_concatenation_s8_z.o(i.arm_concatenation_s8_z), (78 bytes).
    Removing arm_convolve_1_x_n_s8.o(.rev16_text), (4 bytes).
    Removing arm_convolve_1_x_n_s8.o(.revsh_text), (4 bytes).
    Removing arm_convolve_1_x_n_s8.o(.rrx_text), (6 bytes).
    Removing arm_convolve_1_x_n_s8.o(i.arm_convolve_1_x_n_s8), (120 bytes).
    Removing arm_convolve_1_x_n_s8.o(i.arm_convolve_1_x_n_s8_get_buffer_size), (12 bytes).
    Removing arm_convolve_1x1_hwc_q7_fast_nonsquare.o(.rev16_text), (4 bytes).
    Removing arm_convolve_1x1_hwc_q7_fast_nonsquare.o(.revsh_text), (4 bytes).
    Removing arm_convolve_1x1_hwc_q7_fast_nonsquare.o(.rrx_text), (6 bytes).
    Removing arm_convolve_1x1_hwc_q7_fast_nonsquare.o(i.arm_convolve_1x1_HWC_q7_fast_nonsquare), (470 bytes).
    Removing arm_convolve_1x1_s8_fast.o(.rev16_text), (4 bytes).
    Removing arm_convolve_1x1_s8_fast.o(.revsh_text), (4 bytes).
    Removing arm_convolve_1x1_s8_fast.o(.rrx_text), (6 bytes).
    Removing arm_convolve_1x1_s8_fast.o(i.arm_convolve_1x1_s8_fast), (118 bytes).
    Removing arm_convolve_1x1_s8_fast.o(i.arm_convolve_1x1_s8_fast_get_buffer_size), (6 bytes).
    Removing arm_convolve_hwc_q15_basic.o(.rev16_text), (4 bytes).
    Removing arm_convolve_hwc_q15_basic.o(.revsh_text), (4 bytes).
    Removing arm_convolve_hwc_q15_basic.o(.rrx_text), (6 bytes).
    Removing arm_convolve_hwc_q15_basic.o(i.arm_convolve_HWC_q15_basic), (436 bytes).
    Removing arm_convolve_hwc_q15_fast.o(.rev16_text), (4 bytes).
    Removing arm_convolve_hwc_q15_fast.o(.revsh_text), (4 bytes).
    Removing arm_convolve_hwc_q15_fast.o(.rrx_text), (6 bytes).
    Removing arm_convolve_hwc_q15_fast.o(i.arm_convolve_HWC_q15_fast), (800 bytes).
    Removing arm_convolve_hwc_q15_fast_nonsquare.o(.rev16_text), (4 bytes).
    Removing arm_convolve_hwc_q15_fast_nonsquare.o(.revsh_text), (4 bytes).
    Removing arm_convolve_hwc_q15_fast_nonsquare.o(.rrx_text), (6 bytes).
    Removing arm_convolve_hwc_q15_fast_nonsquare.o(i.arm_convolve_HWC_q15_fast_nonsquare), (806 bytes).
    Removing arm_convolve_hwc_q7_rgb.o(.rev16_text), (4 bytes).
    Removing arm_convolve_hwc_q7_rgb.o(.revsh_text), (4 bytes).
    Removing arm_convolve_hwc_q7_rgb.o(.rrx_text), (6 bytes).
    Removing arm_convolve_hwc_q7_rgb.o(i.arm_convolve_HWC_q7_RGB), (588 bytes).
    Removing arm_convolve_hwc_q7_basic.o(.rev16_text), (4 bytes).
    Removing arm_convolve_hwc_q7_basic.o(.revsh_text), (4 bytes).
    Removing arm_convolve_hwc_q7_basic.o(.rrx_text), (6 bytes).
    Removing arm_convolve_hwc_q7_basic.o(i.arm_convolve_HWC_q7_basic), (548 bytes).
    Removing arm_convolve_hwc_q7_basic_nonsquare.o(.rev16_text), (4 bytes).
    Removing arm_convolve_hwc_q7_basic_nonsquare.o(.revsh_text), (4 bytes).
    Removing arm_convolve_hwc_q7_basic_nonsquare.o(.rrx_text), (6 bytes).
    Removing arm_convolve_hwc_q7_basic_nonsquare.o(i.arm_convolve_HWC_q7_basic_nonsquare), (562 bytes).
    Removing arm_convolve_hwc_q7_fast.o(.rev16_text), (4 bytes).
    Removing arm_convolve_hwc_q7_fast.o(.revsh_text), (4 bytes).
    Removing arm_convolve_hwc_q7_fast.o(.rrx_text), (6 bytes).
    Removing arm_convolve_hwc_q7_fast.o(i.arm_convolve_HWC_q7_fast), (1260 bytes).
    Removing arm_convolve_hwc_q7_fast_nonsquare.o(.rev16_text), (4 bytes).
    Removing arm_convolve_hwc_q7_fast_nonsquare.o(.revsh_text), (4 bytes).
    Removing arm_convolve_hwc_q7_fast_nonsquare.o(.rrx_text), (6 bytes).
    Removing arm_convolve_hwc_q7_fast_nonsquare.o(i.arm_convolve_HWC_q7_fast_nonsquare), (1290 bytes).
    Removing arm_convolve_s8.o(.rev16_text), (4 bytes).
    Removing arm_convolve_s8.o(.revsh_text), (4 bytes).
    Removing arm_convolve_s8.o(.rrx_text), (6 bytes).
    Removing arm_convolve_s8.o(i.arm_convolve_s8), (816 bytes).
    Removing arm_convolve_s8.o(i.arm_convolve_s8_get_buffer_size), (12 bytes).
    Removing arm_depthwise_conv_3x3_s8.o(.rev16_text), (4 bytes).
    Removing arm_depthwise_conv_3x3_s8.o(.revsh_text), (4 bytes).
    Removing arm_depthwise_conv_3x3_s8.o(.rrx_text), (6 bytes).
    Removing arm_depthwise_conv_3x3_s8.o(i.arm_depthwise_conv_3x3_s8), (2498 bytes).
    Removing arm_depthwise_conv_s8.o(.rev16_text), (4 bytes).
    Removing arm_depthwise_conv_s8.o(.revsh_text), (4 bytes).
    Removing arm_depthwise_conv_s8.o(.rrx_text), (6 bytes).
    Removing arm_depthwise_conv_s8.o(i.arm_depthwise_conv_s8), (162 bytes).
    Removing arm_depthwise_conv_s8.o(i.depthwise_conv_s8_generic), (560 bytes).
    Removing arm_depthwise_conv_s8.o(i.depthwise_conv_s8_mult_4), (1528 bytes).
    Removing arm_depthwise_conv_s8_opt.o(.rev16_text), (4 bytes).
    Removing arm_depthwise_conv_s8_opt.o(.revsh_text), (4 bytes).
    Removing arm_depthwise_conv_s8_opt.o(.rrx_text), (6 bytes).
    Removing arm_depthwise_conv_s8_opt.o(i.arm_depthwise_conv_s8_opt), (2574 bytes).
    Removing arm_depthwise_conv_s8_opt.o(i.arm_depthwise_conv_s8_opt_get_buffer_size), (12 bytes).
    Removing arm_depthwise_conv_u8_basic_ver1.o(.rev16_text), (4 bytes).
    Removing arm_depthwise_conv_u8_basic_ver1.o(.revsh_text), (4 bytes).
    Removing arm_depthwise_conv_u8_basic_ver1.o(.rrx_text), (6 bytes).
    Removing arm_depthwise_conv_u8_basic_ver1.o(i.arm_depthwise_conv_u8_basic_ver1), (962 bytes).
    Removing arm_depthwise_separable_conv_hwc_q7.o(.rev16_text), (4 bytes).
    Removing arm_depthwise_separable_conv_hwc_q7.o(.revsh_text), (4 bytes).
    Removing arm_depthwise_separable_conv_hwc_q7.o(.rrx_text), (6 bytes).
    Removing arm_depthwise_separable_conv_hwc_q7.o(i.arm_depthwise_separable_conv_HWC_q7), (938 bytes).
    Removing arm_depthwise_separable_conv_hwc_q7_nonsquare.o(.rev16_text), (4 bytes).
    Removing arm_depthwise_separable_conv_hwc_q7_nonsquare.o(.revsh_text), (4 bytes).
    Removing arm_depthwise_separable_conv_hwc_q7_nonsquare.o(.rrx_text), (6 bytes).
    Removing arm_depthwise_separable_conv_hwc_q7_nonsquare.o(i.arm_depthwise_separable_conv_HWC_q7_nonsquare), (936 bytes).
    Removing arm_nn_depthwise_conv_s8_core.o(.rev16_text), (4 bytes).
    Removing arm_nn_depthwise_conv_s8_core.o(.revsh_text), (4 bytes).
    Removing arm_nn_depthwise_conv_s8_core.o(.rrx_text), (6 bytes).
    Removing arm_nn_depthwise_conv_s8_core.o(i.arm_nn_depthwise_conv_s8_core), (22 bytes).
    Removing arm_nn_mat_mult_kernel_q7_q15.o(.rev16_text), (4 bytes).
    Removing arm_nn_mat_mult_kernel_q7_q15.o(.revsh_text), (4 bytes).
    Removing arm_nn_mat_mult_kernel_q7_q15.o(.rrx_text), (6 bytes).
    Removing arm_nn_mat_mult_kernel_q7_q15.o(i.arm_nn_mat_mult_kernel_q7_q15), (1202 bytes).
    Removing arm_nn_mat_mult_kernel_q7_q15_reordered.o(.rev16_text), (4 bytes).
    Removing arm_nn_mat_mult_kernel_q7_q15_reordered.o(.revsh_text), (4 bytes).
    Removing arm_nn_mat_mult_kernel_q7_q15_reordered.o(.rrx_text), (6 bytes).
    Removing arm_nn_mat_mult_kernel_q7_q15_reordered.o(i.arm_nn_mat_mult_kernel_q7_q15_reordered), (668 bytes).
    Removing arm_nn_mat_mult_kernel_s8_s16.o(.rev16_text), (4 bytes).
    Removing arm_nn_mat_mult_kernel_s8_s16.o(.revsh_text), (4 bytes).
    Removing arm_nn_mat_mult_kernel_s8_s16.o(.rrx_text), (6 bytes).
    Removing arm_nn_mat_mult_kernel_s8_s16.o(i.arm_nn_mat_mult_kernel_s8_s16), (2696 bytes).
    Removing arm_nn_mat_mult_kernel_s8_s16_reordered.o(.rev16_text), (4 bytes).
    Removing arm_nn_mat_mult_kernel_s8_s16_reordered.o(.revsh_text), (4 bytes).
    Removing arm_nn_mat_mult_kernel_s8_s16_reordered.o(.rrx_text), (6 bytes).
    Removing arm_nn_mat_mult_kernel_s8_s16_reordered.o(i.arm_nn_mat_mult_kernel_s8_s16_reordered), (2402 bytes).
    Removing arm_nn_mat_mult_s8.o(.rev16_text), (4 bytes).
    Removing arm_nn_mat_mult_s8.o(.revsh_text), (4 bytes).
    Removing arm_nn_mat_mult_s8.o(.rrx_text), (6 bytes).
    Removing arm_nn_mat_mult_s8.o(i.arm_nn_mat_mult_s8), (24 bytes).
    Removing arm_fully_connected_mat_q7_vec_q15.o(.rev16_text), (4 bytes).
    Removing arm_fully_connected_mat_q7_vec_q15.o(.revsh_text), (4 bytes).
    Removing arm_fully_connected_mat_q7_vec_q15.o(.rrx_text), (6 bytes).
    Removing arm_fully_connected_mat_q7_vec_q15.o(i.arm_fully_connected_mat_q7_vec_q15), (672 bytes).
    Removing arm_fully_connected_mat_q7_vec_q15_opt.o(.rev16_text), (4 bytes).
    Removing arm_fully_connected_mat_q7_vec_q15_opt.o(.revsh_text), (4 bytes).
    Removing arm_fully_connected_mat_q7_vec_q15_opt.o(.rrx_text), (6 bytes).
    Removing arm_fully_connected_mat_q7_vec_q15_opt.o(i.arm_fully_connected_mat_q7_vec_q15_opt), (720 bytes).
    Removing arm_fully_connected_q15.o(.rev16_text), (4 bytes).
    Removing arm_fully_connected_q15.o(.revsh_text), (4 bytes).
    Removing arm_fully_connected_q15.o(.rrx_text), (6 bytes).
    Removing arm_fully_connected_q15.o(i.arm_fully_connected_q15), (560 bytes).
    Removing arm_fully_connected_q15_opt.o(.rev16_text), (4 bytes).
    Removing arm_fully_connected_q15_opt.o(.revsh_text), (4 bytes).
    Removing arm_fully_connected_q15_opt.o(.rrx_text), (6 bytes).
    Removing arm_fully_connected_q15_opt.o(i.arm_fully_connected_q15_opt), (646 bytes).
    Removing arm_fully_connected_q7.o(.rev16_text), (4 bytes).
    Removing arm_fully_connected_q7.o(.revsh_text), (4 bytes).
    Removing arm_fully_connected_q7.o(.rrx_text), (6 bytes).
    Removing arm_fully_connected_q7.o(i.arm_fully_connected_q7), (556 bytes).
    Removing arm_fully_connected_q7_opt.o(.rev16_text), (4 bytes).
    Removing arm_fully_connected_q7_opt.o(.revsh_text), (4 bytes).
    Removing arm_fully_connected_q7_opt.o(.rrx_text), (6 bytes).
    Removing arm_fully_connected_q7_opt.o(i.arm_fully_connected_q7_opt), (674 bytes).
    Removing arm_fully_connected_s8.o(.rev16_text), (4 bytes).
    Removing arm_fully_connected_s8.o(.revsh_text), (4 bytes).
    Removing arm_fully_connected_s8.o(.rrx_text), (6 bytes).
    Removing arm_fully_connected_s8.o(i.arm_fully_connected_s8), (94 bytes).
    Removing arm_fully_connected_s8.o(i.arm_fully_connected_s8_get_buffer_size), (6 bytes).
    Removing arm_nn_accumulate_q7_to_q15.o(.rev16_text), (4 bytes).
    Removing arm_nn_accumulate_q7_to_q15.o(.revsh_text), (4 bytes).
    Removing arm_nn_accumulate_q7_to_q15.o(.rrx_text), (6 bytes).
    Removing arm_nn_accumulate_q7_to_q15.o(i.arm_nn_accumulate_q7_to_q15), (158 bytes).
    Removing arm_nn_add_q7.o(.rev16_text), (4 bytes).
    Removing arm_nn_add_q7.o(.revsh_text), (4 bytes).
    Removing arm_nn_add_q7.o(.rrx_text), (6 bytes).
    Removing arm_nn_add_q7.o(i.arm_nn_add_q7), (72 bytes).
    Removing arm_nn_mat_mul_core_1x_s8.o(.rev16_text), (4 bytes).
    Removing arm_nn_mat_mul_core_1x_s8.o(.revsh_text), (4 bytes).
    Removing arm_nn_mat_mul_core_1x_s8.o(.rrx_text), (6 bytes).
    Removing arm_nn_mat_mul_core_1x_s8.o(i.arm_nn_mat_mul_core_1x_s8), (50 bytes).
    Removing arm_nn_mat_mul_core_4x_s8.o(.rev16_text), (4 bytes).
    Removing arm_nn_mat_mul_core_4x_s8.o(.revsh_text), (4 bytes).
    Removing arm_nn_mat_mul_core_4x_s8.o(.rrx_text), (6 bytes).
    Removing arm_nn_mat_mul_core_4x_s8.o(i.arm_nn_mat_mul_core_4x_s8), (128 bytes).
    Removing arm_nn_mat_mult_nt_t_s8.o(.rev16_text), (4 bytes).
    Removing arm_nn_mat_mult_nt_t_s8.o(.revsh_text), (4 bytes).
    Removing arm_nn_mat_mult_nt_t_s8.o(.rrx_text), (6 bytes).
    Removing arm_nn_mat_mult_nt_t_s8.o(i.arm_nn_mat_mult_nt_t_s8), (4218 bytes).
    Removing arm_nn_mult_q15.o(.rev16_text), (4 bytes).
    Removing arm_nn_mult_q15.o(.revsh_text), (4 bytes).
    Removing arm_nn_mult_q15.o(.rrx_text), (6 bytes).
    Removing arm_nn_mult_q15.o(i.arm_nn_mult_q15), (294 bytes).
    Removing arm_nn_mult_q7.o(.rev16_text), (4 bytes).
    Removing arm_nn_mult_q7.o(.revsh_text), (4 bytes).
    Removing arm_nn_mult_q7.o(.rrx_text), (6 bytes).
    Removing arm_nn_mult_q7.o(i.arm_nn_mult_q7), (240 bytes).
    Removing arm_nn_vec_mat_mult_t_s8.o(.rev16_text), (4 bytes).
    Removing arm_nn_vec_mat_mult_t_s8.o(.revsh_text), (4 bytes).
    Removing arm_nn_vec_mat_mult_t_s8.o(.rrx_text), (6 bytes).
    Removing arm_nn_vec_mat_mult_t_s8.o(i.arm_nn_vec_mat_mult_t_s8), (2256 bytes).
    Removing arm_nntables.o(.rev16_text), (4 bytes).
    Removing arm_nntables.o(.revsh_text), (4 bytes).
    Removing arm_nntables.o(.rrx_text), (6 bytes).
    Removing arm_nntables.o(.constdata), (2816 bytes).
    Removing arm_q7_to_q15_no_shift.o(.rev16_text), (4 bytes).
    Removing arm_q7_to_q15_no_shift.o(.revsh_text), (4 bytes).
    Removing arm_q7_to_q15_no_shift.o(.rrx_text), (6 bytes).
    Removing arm_q7_to_q15_no_shift.o(i.arm_q7_to_q15_no_shift), (128 bytes).
    Removing arm_q7_to_q15_reordered_no_shift.o(.rev16_text), (4 bytes).
    Removing arm_q7_to_q15_reordered_no_shift.o(.revsh_text), (4 bytes).
    Removing arm_q7_to_q15_reordered_no_shift.o(.rrx_text), (6 bytes).
    Removing arm_q7_to_q15_reordered_no_shift.o(i.arm_q7_to_q15_reordered_no_shift), (70 bytes).
    Removing arm_q7_to_q15_reordered_with_offset.o(.rev16_text), (4 bytes).
    Removing arm_q7_to_q15_reordered_with_offset.o(.revsh_text), (4 bytes).
    Removing arm_q7_to_q15_reordered_with_offset.o(.rrx_text), (6 bytes).
    Removing arm_q7_to_q15_reordered_with_offset.o(i.arm_q7_to_q15_reordered_with_offset), (126 bytes).
    Removing arm_q7_to_q15_with_offset.o(.rev16_text), (4 bytes).
    Removing arm_q7_to_q15_with_offset.o(.revsh_text), (4 bytes).
    Removing arm_q7_to_q15_with_offset.o(.rrx_text), (6 bytes).
    Removing arm_q7_to_q15_with_offset.o(i.arm_q7_to_q15_with_offset), (142 bytes).
    Removing arm_avgpool_s8.o(.rev16_text), (4 bytes).
    Removing arm_avgpool_s8.o(.revsh_text), (4 bytes).
    Removing arm_avgpool_s8.o(.rrx_text), (6 bytes).
    Removing arm_avgpool_s8.o(i.arm_avgpool_s8), (310 bytes).
    Removing arm_avgpool_s8.o(i.arm_avgpool_s8_get_buffer_size), (6 bytes).
    Removing arm_max_pool_s8.o(.rev16_text), (4 bytes).
    Removing arm_max_pool_s8.o(.revsh_text), (4 bytes).
    Removing arm_max_pool_s8.o(.rrx_text), (6 bytes).
    Removing arm_max_pool_s8.o(i.arm_max_pool_s8), (354 bytes).
    Removing arm_max_pool_s8_opt.o(.rev16_text), (4 bytes).
    Removing arm_max_pool_s8_opt.o(.revsh_text), (4 bytes).
    Removing arm_max_pool_s8_opt.o(.rrx_text), (6 bytes).
    Removing arm_max_pool_s8_opt.o(i.arm_max_pool_s8_opt), (308 bytes).
    Removing arm_max_pool_s8_opt.o(i.clamp_output), (276 bytes).
    Removing arm_max_pool_s8_opt.o(i.compare_and_replace_if_larger_q7), (202 bytes).
    Removing arm_pool_q7_hwc.o(.rev16_text), (4 bytes).
    Removing arm_pool_q7_hwc.o(.revsh_text), (4 bytes).
    Removing arm_pool_q7_hwc.o(.rrx_text), (6 bytes).
    Removing arm_pool_q7_hwc.o(i.accumulate_q7_to_q15), (144 bytes).
    Removing arm_pool_q7_hwc.o(i.arm_avepool_q7_HWC), (388 bytes).
    Removing arm_pool_q7_hwc.o(i.arm_maxpool_q7_HWC), (326 bytes).
    Removing arm_pool_q7_hwc.o(i.buffer_scale_back_q15_to_q7), (28 bytes).
    Removing arm_pool_q7_hwc.o(i.compare_and_replace_if_larger_q7), (164 bytes).
    Removing arm_reshape_s8.o(.rev16_text), (4 bytes).
    Removing arm_reshape_s8.o(.revsh_text), (4 bytes).
    Removing arm_reshape_s8.o(.rrx_text), (6 bytes).
    Removing arm_reshape_s8.o(i.arm_reshape_s8), (20 bytes).
    Removing arm_softmax_q15.o(.rev16_text), (4 bytes).
    Removing arm_softmax_q15.o(.revsh_text), (4 bytes).
    Removing arm_softmax_q15.o(.rrx_text), (6 bytes).
    Removing arm_softmax_q15.o(i.arm_softmax_q15), (172 bytes).
    Removing arm_softmax_q7.o(.rev16_text), (4 bytes).
    Removing arm_softmax_q7.o(.revsh_text), (4 bytes).
    Removing arm_softmax_q7.o(.rrx_text), (6 bytes).
    Removing arm_softmax_q7.o(i.arm_softmax_q7), (524 bytes).
    Removing arm_softmax_s8.o(.rev16_text), (4 bytes).
    Removing arm_softmax_s8.o(.revsh_text), (4 bytes).
    Removing arm_softmax_s8.o(.rrx_text), (6 bytes).
    Removing arm_softmax_s8.o(i.arm_softmax_s8), (6108 bytes).
    Removing arm_softmax_u8.o(.rev16_text), (4 bytes).
    Removing arm_softmax_u8.o(.revsh_text), (4 bytes).
    Removing arm_softmax_u8.o(.rrx_text), (6 bytes).
    Removing arm_softmax_u8.o(i.arm_softmax_u8), (6100 bytes).
    Removing arm_softmax_with_batch_q7.o(.rev16_text), (4 bytes).
    Removing arm_softmax_with_batch_q7.o(.revsh_text), (4 bytes).
    Removing arm_softmax_with_batch_q7.o(.rrx_text), (6 bytes).
    Removing arm_softmax_with_batch_q7.o(i.arm_softmax_with_batch_q7), (44 bytes).
    Removing system_lpc407x_8x_177x_8x.o(.rev16_text), (4 bytes).
    Removing system_lpc407x_8x_177x_8x.o(.revsh_text), (4 bytes).
    Removing system_lpc407x_8x_177x_8x.o(.rrx_text), (6 bytes).
    Removing dadd.o(.text), (334 bytes).
    Removing dmul.o(.text), (228 bytes).
    Removing ddiv.o(.text), (222 bytes).
    Removing dneg.o(.text), (6 bytes).
    Removing dfltui.o(.text), (26 bytes).
    Removing ffixl.o(.text), (66 bytes).
    Removing f2d.o(.text), (38 bytes).
    Removing cdcmple.o(.text), (48 bytes).
    Removing d2f.o(.text), (56 bytes).
    Removing fepilogue.o(.text), (110 bytes).
    Removing depilogue.o(.text), (186 bytes).
    Removing dflti.o(.text), (34 bytes).
    Removing fpstat.o(.text), (4 bytes).

779 unused section(s) (total 1104852 bytes) removed from the image.

==============================================================================

Image Symbol Table

    Local Symbols

    Symbol Name                              Value     Ov Type        Size  Object(Section)

    RESET                                    0x00000000   Section      228  startup_lpc407x_8x_177x_8x.o(RESET)
    ../clib/../cmprslib/zerorunl2.c          0x00000000   Number         0  __dczerorl2.o ABSOLUTE
    ../clib/microlib/division.c              0x00000000   Number         0  uldiv.o ABSOLUTE
    ../clib/microlib/division.c              0x00000000   Number         0  ldiv.o ABSOLUTE
    ../clib/microlib/errno.c                 0x00000000   Number         0  errno.o ABSOLUTE
    ../clib/microlib/init/entry.s            0x00000000   Number         0  entry5.o ABSOLUTE
    ../clib/microlib/init/entry.s            0x00000000   Number         0  entry7a.o ABSOLUTE
    ../clib/microlib/init/entry.s            0x00000000   Number         0  entry7b.o ABSOLUTE
    ../clib/microlib/init/entry.s            0x00000000   Number         0  entry8b.o ABSOLUTE
    ../clib/microlib/init/entry.s            0x00000000   Number         0  entry9a.o ABSOLUTE
    ../clib/microlib/init/entry.s            0x00000000   Number         0  entry8a.o ABSOLUTE
    ../clib/microlib/init/entry.s            0x00000000   Number         0  entry9b.o ABSOLUTE
    ../clib/microlib/init/entry.s            0x00000000   Number         0  entry10a.o ABSOLUTE
    ../clib/microlib/init/entry.s            0x00000000   Number         0  entry10b.o ABSOLUTE
    ../clib/microlib/init/entry.s            0x00000000   Number         0  entry11a.o ABSOLUTE
    ../clib/microlib/init/entry.s            0x00000000   Number         0  entry11b.o ABSOLUTE
    ../clib/microlib/init/entry.s            0x00000000   Number         0  entry.o ABSOLUTE
    ../clib/microlib/init/entry.s            0x00000000   Number         0  entry2.o ABSOLUTE
    ../clib/microlib/longlong.c              0x00000000   Number         0  llshl.o ABSOLUTE
    ../clib/microlib/longlong.c              0x00000000   Number         0  llsshr.o ABSOLUTE
    ../clib/microlib/longlong.c              0x00000000   Number         0  llushr.o ABSOLUTE
    ../clib/microlib/malloc/malloc.c         0x00000000   Number         0  malloc.o ABSOLUTE
    ../clib/microlib/malloc/malloc.c         0x00000000   Number         0  mallocr.o ABSOLUTE
    ../clib/microlib/malloc/malloc.c         0x00000000   Number         0  malloca.o ABSOLUTE
    ../clib/microlib/malloc/malloc.c         0x00000000   Number         0  mallocra.o ABSOLUTE
    ../clib/microlib/malloc/mvars.c          0x00000000   Number         0  mvars.o ABSOLUTE
    ../clib/microlib/string/memcpy.c         0x00000000   Number         0  memcpya.o ABSOLUTE
    ../clib/microlib/string/memcpy.c         0x00000000   Number         0  memmovea.o ABSOLUTE
    ../clib/microlib/string/memcpy.c         0x00000000   Number         0  memcpyb.o ABSOLUTE
    ../clib/microlib/string/memcpy.c         0x00000000   Number         0  memmoveb.o ABSOLUTE
    ../clib/microlib/string/memset.c         0x00000000   Number         0  memseta.o ABSOLUTE
    ../clib/microlib/stubs.s                 0x00000000   Number         0  iusefp.o ABSOLUTE
    ../fplib/microlib/d2f.c                  0x00000000   Number         0  d2f.o ABSOLUTE
    ../fplib/microlib/f2d.c                  0x00000000   Number         0  f2d.o ABSOLUTE
    ../fplib/microlib/fpadd.c                0x00000000   Number         0  dadd.o ABSOLUTE
    ../fplib/microlib/fpdiv.c                0x00000000   Number         0  ddiv.o ABSOLUTE
    ../fplib/microlib/fpepilogue.c           0x00000000   Number         0  fepilogue.o ABSOLUTE
    ../fplib/microlib/fpepilogue.c           0x00000000   Number         0  depilogue.o ABSOLUTE
    ../fplib/microlib/fpfix.c                0x00000000   Number         0  ffixl.o ABSOLUTE
    ../fplib/microlib/fpflt.c                0x00000000   Number         0  dflti.o ABSOLUTE
    ../fplib/microlib/fpflt.c                0x00000000   Number         0  dfltui.o ABSOLUTE
    ../fplib/microlib/fpmul.c                0x00000000   Number         0  dmul.o ABSOLUTE
    ../fplib/microlib/fpneg.c                0x00000000   Number         0  dneg.o ABSOLUTE
    ../fplib/microlib/fpstat.c               0x00000000   Number         0  fpstat.o ABSOLUTE
    ../mathlib/dunder.c                      0x00000000   Number         0  dunder.o ABSOLUTE
    ../mathlib/expf.c                        0x00000000   Number         0  expf_x.o ABSOLUTE
    ../mathlib/expf.c                        0x00000000   Number         0  expf.o ABSOLUTE
    ../mathlib/fpclassifyf.c                 0x00000000   Number         0  fpclassifyf.o ABSOLUTE
    ../mathlib/funder.c                      0x00000000   Number         0  funder.o ABSOLUTE
    ../mathlib/log.c                         0x00000000   Number         0  log_x.o ABSOLUTE
    ../mathlib/log.c                         0x00000000   Number         0  log.o ABSOLUTE
    ../mathlib/logf.c                        0x00000000   Number         0  logf_x.o ABSOLUTE
    ../mathlib/logf.c                        0x00000000   Number         0  logf.o ABSOLUTE
    ../mathlib/poly.c                        0x00000000   Number         0  poly.o ABSOLUTE
    ../mathlib/powf.c                        0x00000000   Number         0  powf_x.o ABSOLUTE
    ../mathlib/powf.c                        0x00000000   Number         0  powf.o ABSOLUTE
    ../mathlib/qnan.c                        0x00000000   Number         0  qnan.o ABSOLUTE
    ../mathlib/tanhf.c                       0x00000000   Number         0  tanhf_x.o ABSOLUTE
    ../mathlib/tanhf.c                       0x00000000   Number         0  tanhf.o ABSOLUTE
    C:\Users\serca\AppData\Local\Arm\Packs\ARM\CMSIS\5.7.0\CMSIS\DSP\Source\BasicMathFunctions\BasicMathFunctions.c 0x00000000   Number         0  basicmathfunctions.o ABSOLUTE
    C:\Users\serca\AppData\Local\Arm\Packs\ARM\CMSIS\5.7.0\CMSIS\DSP\Source\BayesFunctions\BayesFunctions.c 0x00000000   Number         0  bayesfunctions.o ABSOLUTE
    C:\Users\serca\AppData\Local\Arm\Packs\ARM\CMSIS\5.7.0\CMSIS\DSP\Source\CommonTables\CommonTables.c 0x00000000   Number         0  commontables.o ABSOLUTE
    C:\Users\serca\AppData\Local\Arm\Packs\ARM\CMSIS\5.7.0\CMSIS\DSP\Source\ComplexMathFunctions\ComplexMathFunctions.c 0x00000000   Number         0  complexmathfunctions.o ABSOLUTE
    C:\Users\serca\AppData\Local\Arm\Packs\ARM\CMSIS\5.7.0\CMSIS\DSP\Source\ControllerFunctions\ControllerFunctions.c 0x00000000   Number         0  controllerfunctions.o ABSOLUTE
    C:\Users\serca\AppData\Local\Arm\Packs\ARM\CMSIS\5.7.0\CMSIS\DSP\Source\DistanceFunctions\DistanceFunctions.c 0x00000000   Number         0  distancefunctions.o ABSOLUTE
    C:\Users\serca\AppData\Local\Arm\Packs\ARM\CMSIS\5.7.0\CMSIS\DSP\Source\FastMathFunctions\FastMathFunctions.c 0x00000000   Number         0  fastmathfunctions.o ABSOLUTE
    C:\Users\serca\AppData\Local\Arm\Packs\ARM\CMSIS\5.7.0\CMSIS\DSP\Source\FilteringFunctions\FilteringFunctions.c 0x00000000   Number         0  filteringfunctions.o ABSOLUTE
    C:\Users\serca\AppData\Local\Arm\Packs\ARM\CMSIS\5.7.0\CMSIS\DSP\Source\MatrixFunctions\MatrixFunctions.c 0x00000000   Number         0  matrixfunctions.o ABSOLUTE
    C:\Users\serca\AppData\Local\Arm\Packs\ARM\CMSIS\5.7.0\CMSIS\DSP\Source\SVMFunctions\SVMFunctions.c 0x00000000   Number         0  svmfunctions.o ABSOLUTE
    C:\Users\serca\AppData\Local\Arm\Packs\ARM\CMSIS\5.7.0\CMSIS\DSP\Source\StatisticsFunctions\StatisticsFunctions.c 0x00000000   Number         0  statisticsfunctions.o ABSOLUTE
    C:\Users\serca\AppData\Local\Arm\Packs\ARM\CMSIS\5.7.0\CMSIS\DSP\Source\SupportFunctions\SupportFunctions.c 0x00000000   Number         0  supportfunctions.o ABSOLUTE
    C:\Users\serca\AppData\Local\Arm\Packs\ARM\CMSIS\5.7.0\CMSIS\DSP\Source\TransformFunctions\TransformFunctions.c 0x00000000   Number         0  transformfunctions.o ABSOLUTE
    C:\Users\serca\AppData\Local\Arm\Packs\ARM\CMSIS\5.7.0\CMSIS\NN\Source\ActivationFunctions\arm_nn_activations_q15.c 0x00000000   Number         0  arm_nn_activations_q15.o ABSOLUTE
    C:\Users\serca\AppData\Local\Arm\Packs\ARM\CMSIS\5.7.0\CMSIS\NN\Source\ActivationFunctions\arm_nn_activations_q7.c 0x00000000   Number         0  arm_nn_activations_q7.o ABSOLUTE
    C:\Users\serca\AppData\Local\Arm\Packs\ARM\CMSIS\5.7.0\CMSIS\NN\Source\ActivationFunctions\arm_relu6_s8.c 0x00000000   Number         0  arm_relu6_s8.o ABSOLUTE
    C:\Users\serca\AppData\Local\Arm\Packs\ARM\CMSIS\5.7.0\CMSIS\NN\Source\ActivationFunctions\arm_relu_q15.c 0x00000000   Number         0  arm_relu_q15.o ABSOLUTE
    C:\Users\serca\AppData\Local\Arm\Packs\ARM\CMSIS\5.7.0\CMSIS\NN\Source\ActivationFunctions\arm_relu_q7.c 0x00000000   Number         0  arm_relu_q7.o ABSOLUTE
    C:\Users\serca\AppData\Local\Arm\Packs\ARM\CMSIS\5.7.0\CMSIS\NN\Source\BasicMathFunctions\arm_elementwise_add_s8.c 0x00000000   Number         0  arm_elementwise_add_s8.o ABSOLUTE
    C:\Users\serca\AppData\Local\Arm\Packs\ARM\CMSIS\5.7.0\CMSIS\NN\Source\BasicMathFunctions\arm_elementwise_mul_s8.c 0x00000000   Number         0  arm_elementwise_mul_s8.o ABSOLUTE
    C:\Users\serca\AppData\Local\Arm\Packs\ARM\CMSIS\5.7.0\CMSIS\NN\Source\ConcatenationFunctions\arm_concatenation_s8_w.c 0x00000000   Number         0  arm_concatenation_s8_w.o ABSOLUTE
    C:\Users\serca\AppData\Local\Arm\Packs\ARM\CMSIS\5.7.0\CMSIS\NN\Source\ConcatenationFunctions\arm_concatenation_s8_x.c 0x00000000   Number         0  arm_concatenation_s8_x.o ABSOLUTE
    C:\Users\serca\AppData\Local\Arm\Packs\ARM\CMSIS\5.7.0\CMSIS\NN\Source\ConcatenationFunctions\arm_concatenation_s8_y.c 0x00000000   Number         0  arm_concatenation_s8_y.o ABSOLUTE
    C:\Users\serca\AppData\Local\Arm\Packs\ARM\CMSIS\5.7.0\CMSIS\NN\Source\ConcatenationFunctions\arm_concatenation_s8_z.c 0x00000000   Number         0  arm_concatenation_s8_z.o ABSOLUTE
    C:\Users\serca\AppData\Local\Arm\Packs\ARM\CMSIS\5.7.0\CMSIS\NN\Source\ConvolutionFunctions\arm_convolve_1_x_n_s8.c 0x00000000   Number         0  arm_convolve_1_x_n_s8.o ABSOLUTE
    C:\Users\serca\AppData\Local\Arm\Packs\ARM\CMSIS\5.7.0\CMSIS\NN\Source\ConvolutionFunctions\arm_convolve_1x1_HWC_q7_fast_nonsquare.c 0x00000000   Number         0  arm_convolve_1x1_hwc_q7_fast_nonsquare.o ABSOLUTE
    C:\Users\serca\AppData\Local\Arm\Packs\ARM\CMSIS\5.7.0\CMSIS\NN\Source\ConvolutionFunctions\arm_convolve_1x1_s8_fast.c 0x00000000   Number         0  arm_convolve_1x1_s8_fast.o ABSOLUTE
    C:\Users\serca\AppData\Local\Arm\Packs\ARM\CMSIS\5.7.0\CMSIS\NN\Source\ConvolutionFunctions\arm_convolve_HWC_q15_basic.c 0x00000000   Number         0  arm_convolve_hwc_q15_basic.o ABSOLUTE
    C:\Users\serca\AppData\Local\Arm\Packs\ARM\CMSIS\5.7.0\CMSIS\NN\Source\ConvolutionFunctions\arm_convolve_HWC_q15_fast.c 0x00000000   Number         0  arm_convolve_hwc_q15_fast.o ABSOLUTE
    C:\Users\serca\AppData\Local\Arm\Packs\ARM\CMSIS\5.7.0\CMSIS\NN\Source\ConvolutionFunctions\arm_convolve_HWC_q15_fast_nonsquare.c 0x00000000   Number         0  arm_convolve_hwc_q15_fast_nonsquare.o ABSOLUTE
    C:\Users\serca\AppData\Local\Arm\Packs\ARM\CMSIS\5.7.0\CMSIS\NN\Source\ConvolutionFunctions\arm_convolve_HWC_q7_RGB.c 0x00000000   Number         0  arm_convolve_hwc_q7_rgb.o ABSOLUTE
    C:\Users\serca\AppData\Local\Arm\Packs\ARM\CMSIS\5.7.0\CMSIS\NN\Source\ConvolutionFunctions\arm_convolve_HWC_q7_basic.c 0x00000000   Number         0  arm_convolve_hwc_q7_basic.o ABSOLUTE
    C:\Users\serca\AppData\Local\Arm\Packs\ARM\CMSIS\5.7.0\CMSIS\NN\Source\ConvolutionFunctions\arm_convolve_HWC_q7_basic_nonsquare.c 0x00000000   Number         0  arm_convolve_hwc_q7_basic_nonsquare.o ABSOLUTE
    C:\Users\serca\AppData\Local\Arm\Packs\ARM\CMSIS\5.7.0\CMSIS\NN\Source\ConvolutionFunctions\arm_convolve_HWC_q7_fast.c 0x00000000   Number         0  arm_convolve_hwc_q7_fast.o ABSOLUTE
    C:\Users\serca\AppData\Local\Arm\Packs\ARM\CMSIS\5.7.0\CMSIS\NN\Source\ConvolutionFunctions\arm_convolve_HWC_q7_fast_nonsquare.c 0x00000000   Number         0  arm_convolve_hwc_q7_fast_nonsquare.o ABSOLUTE
    C:\Users\serca\AppData\Local\Arm\Packs\ARM\CMSIS\5.7.0\CMSIS\NN\Source\ConvolutionFunctions\arm_convolve_s8.c 0x00000000   Number         0  arm_convolve_s8.o ABSOLUTE
    C:\Users\serca\AppData\Local\Arm\Packs\ARM\CMSIS\5.7.0\CMSIS\NN\Source\ConvolutionFunctions\arm_depthwise_conv_3x3_s8.c 0x00000000   Number         0  arm_depthwise_conv_3x3_s8.o ABSOLUTE
    C:\Users\serca\AppData\Local\Arm\Packs\ARM\CMSIS\5.7.0\CMSIS\NN\Source\ConvolutionFunctions\arm_depthwise_conv_s8.c 0x00000000   Number         0  arm_depthwise_conv_s8.o ABSOLUTE
    C:\Users\serca\AppData\Local\Arm\Packs\ARM\CMSIS\5.7.0\CMSIS\NN\Source\ConvolutionFunctions\arm_depthwise_conv_s8_opt.c 0x00000000   Number         0  arm_depthwise_conv_s8_opt.o ABSOLUTE
    C:\Users\serca\AppData\Local\Arm\Packs\ARM\CMSIS\5.7.0\CMSIS\NN\Source\ConvolutionFunctions\arm_depthwise_conv_u8_basic_ver1.c 0x00000000   Number         0  arm_depthwise_conv_u8_basic_ver1.o ABSOLUTE
    C:\Users\serca\AppData\Local\Arm\Packs\ARM\CMSIS\5.7.0\CMSIS\NN\Source\ConvolutionFunctions\arm_depthwise_separable_conv_HWC_q7.c 0x00000000   Number         0  arm_depthwise_separable_conv_hwc_q7.o ABSOLUTE
    C:\Users\serca\AppData\Local\Arm\Packs\ARM\CMSIS\5.7.0\CMSIS\NN\Source\ConvolutionFunctions\arm_depthwise_separable_conv_HWC_q7_nonsquare.c 0x00000000   Number         0  arm_depthwise_separable_conv_hwc_q7_nonsquare.o ABSOLUTE
    C:\Users\serca\AppData\Local\Arm\Packs\ARM\CMSIS\5.7.0\CMSIS\NN\Source\ConvolutionFunctions\arm_nn_depthwise_conv_s8_core.c 0x00000000   Number         0  arm_nn_depthwise_conv_s8_core.o ABSOLUTE
    C:\Users\serca\AppData\Local\Arm\Packs\ARM\CMSIS\5.7.0\CMSIS\NN\Source\ConvolutionFunctions\arm_nn_mat_mult_kernel_q7_q15.c 0x00000000   Number         0  arm_nn_mat_mult_kernel_q7_q15.o ABSOLUTE
    C:\Users\serca\AppData\Local\Arm\Packs\ARM\CMSIS\5.7.0\CMSIS\NN\Source\ConvolutionFunctions\arm_nn_mat_mult_kernel_q7_q15_reordered.c 0x00000000   Number         0  arm_nn_mat_mult_kernel_q7_q15_reordered.o ABSOLUTE
    C:\Users\serca\AppData\Local\Arm\Packs\ARM\CMSIS\5.7.0\CMSIS\NN\Source\ConvolutionFunctions\arm_nn_mat_mult_kernel_s8_s16.c 0x00000000   Number         0  arm_nn_mat_mult_kernel_s8_s16.o ABSOLUTE
    C:\Users\serca\AppData\Local\Arm\Packs\ARM\CMSIS\5.7.0\CMSIS\NN\Source\ConvolutionFunctions\arm_nn_mat_mult_kernel_s8_s16_reordered.c 0x00000000   Number         0  arm_nn_mat_mult_kernel_s8_s16_reordered.o ABSOLUTE
    C:\Users\serca\AppData\Local\Arm\Packs\ARM\CMSIS\5.7.0\CMSIS\NN\Source\ConvolutionFunctions\arm_nn_mat_mult_s8.c 0x00000000   Number         0  arm_nn_mat_mult_s8.o ABSOLUTE
    C:\Users\serca\AppData\Local\Arm\Packs\ARM\CMSIS\5.7.0\CMSIS\NN\Source\FullyConnectedFunctions\arm_fully_connected_mat_q7_vec_q15.c 0x00000000   Number         0  arm_fully_connected_mat_q7_vec_q15.o ABSOLUTE
    C:\Users\serca\AppData\Local\Arm\Packs\ARM\CMSIS\5.7.0\CMSIS\NN\Source\FullyConnectedFunctions\arm_fully_connected_mat_q7_vec_q15_opt.c 0x00000000   Number         0  arm_fully_connected_mat_q7_vec_q15_opt.o ABSOLUTE
    C:\Users\serca\AppData\Local\Arm\Packs\ARM\CMSIS\5.7.0\CMSIS\NN\Source\FullyConnectedFunctions\arm_fully_connected_q15.c 0x00000000   Number         0  arm_fully_connected_q15.o ABSOLUTE
    C:\Users\serca\AppData\Local\Arm\Packs\ARM\CMSIS\5.7.0\CMSIS\NN\Source\FullyConnectedFunctions\arm_fully_connected_q15_opt.c 0x00000000   Number         0  arm_fully_connected_q15_opt.o ABSOLUTE
    C:\Users\serca\AppData\Local\Arm\Packs\ARM\CMSIS\5.7.0\CMSIS\NN\Source\FullyConnectedFunctions\arm_fully_connected_q7.c 0x00000000   Number         0  arm_fully_connected_q7.o ABSOLUTE
    C:\Users\serca\AppData\Local\Arm\Packs\ARM\CMSIS\5.7.0\CMSIS\NN\Source\FullyConnectedFunctions\arm_fully_connected_q7_opt.c 0x00000000   Number         0  arm_fully_connected_q7_opt.o ABSOLUTE
    C:\Users\serca\AppData\Local\Arm\Packs\ARM\CMSIS\5.7.0\CMSIS\NN\Source\FullyConnectedFunctions\arm_fully_connected_s8.c 0x00000000   Number         0  arm_fully_connected_s8.o ABSOLUTE
    C:\Users\serca\AppData\Local\Arm\Packs\ARM\CMSIS\5.7.0\CMSIS\NN\Source\NNSupportFunctions\arm_nn_accumulate_q7_to_q15.c 0x00000000   Number         0  arm_nn_accumulate_q7_to_q15.o ABSOLUTE
    C:\Users\serca\AppData\Local\Arm\Packs\ARM\CMSIS\5.7.0\CMSIS\NN\Source\NNSupportFunctions\arm_nn_add_q7.c 0x00000000   Number         0  arm_nn_add_q7.o ABSOLUTE
    C:\Users\serca\AppData\Local\Arm\Packs\ARM\CMSIS\5.7.0\CMSIS\NN\Source\NNSupportFunctions\arm_nn_mat_mul_core_1x_s8.c 0x00000000   Number         0  arm_nn_mat_mul_core_1x_s8.o ABSOLUTE
    C:\Users\serca\AppData\Local\Arm\Packs\ARM\CMSIS\5.7.0\CMSIS\NN\Source\NNSupportFunctions\arm_nn_mat_mul_core_4x_s8.c 0x00000000   Number         0  arm_nn_mat_mul_core_4x_s8.o ABSOLUTE
    C:\Users\serca\AppData\Local\Arm\Packs\ARM\CMSIS\5.7.0\CMSIS\NN\Source\NNSupportFunctions\arm_nn_mat_mult_nt_t_s8.c 0x00000000   Number         0  arm_nn_mat_mult_nt_t_s8.o ABSOLUTE
    C:\Users\serca\AppData\Local\Arm\Packs\ARM\CMSIS\5.7.0\CMSIS\NN\Source\NNSupportFunctions\arm_nn_mult_q15.c 0x00000000   Number         0  arm_nn_mult_q15.o ABSOLUTE
    C:\Users\serca\AppData\Local\Arm\Packs\ARM\CMSIS\5.7.0\CMSIS\NN\Source\NNSupportFunctions\arm_nn_mult_q7.c 0x00000000   Number         0  arm_nn_mult_q7.o ABSOLUTE
    C:\Users\serca\AppData\Local\Arm\Packs\ARM\CMSIS\5.7.0\CMSIS\NN\Source\NNSupportFunctions\arm_nn_vec_mat_mult_t_s8.c 0x00000000   Number         0  arm_nn_vec_mat_mult_t_s8.o ABSOLUTE
    C:\Users\serca\AppData\Local\Arm\Packs\ARM\CMSIS\5.7.0\CMSIS\NN\Source\NNSupportFunctions\arm_nntables.c 0x00000000   Number         0  arm_nntables.o ABSOLUTE
    C:\Users\serca\AppData\Local\Arm\Packs\ARM\CMSIS\5.7.0\CMSIS\NN\Source\NNSupportFunctions\arm_q7_to_q15_no_shift.c 0x00000000   Number         0  arm_q7_to_q15_no_shift.o ABSOLUTE
    C:\Users\serca\AppData\Local\Arm\Packs\ARM\CMSIS\5.7.0\CMSIS\NN\Source\NNSupportFunctions\arm_q7_to_q15_reordered_no_shift.c 0x00000000   Number         0  arm_q7_to_q15_reordered_no_shift.o ABSOLUTE
    C:\Users\serca\AppData\Local\Arm\Packs\ARM\CMSIS\5.7.0\CMSIS\NN\Source\NNSupportFunctions\arm_q7_to_q15_reordered_with_offset.c 0x00000000   Number         0  arm_q7_to_q15_reordered_with_offset.o ABSOLUTE
    C:\Users\serca\AppData\Local\Arm\Packs\ARM\CMSIS\5.7.0\CMSIS\NN\Source\NNSupportFunctions\arm_q7_to_q15_with_offset.c 0x00000000   Number         0  arm_q7_to_q15_with_offset.o ABSOLUTE
    C:\Users\serca\AppData\Local\Arm\Packs\ARM\CMSIS\5.7.0\CMSIS\NN\Source\PoolingFunctions\arm_avgpool_s8.c 0x00000000   Number         0  arm_avgpool_s8.o ABSOLUTE
    C:\Users\serca\AppData\Local\Arm\Packs\ARM\CMSIS\5.7.0\CMSIS\NN\Source\PoolingFunctions\arm_max_pool_s8.c 0x00000000   Number         0  arm_max_pool_s8.o ABSOLUTE
    C:\Users\serca\AppData\Local\Arm\Packs\ARM\CMSIS\5.7.0\CMSIS\NN\Source\PoolingFunctions\arm_max_pool_s8_opt.c 0x00000000   Number         0  arm_max_pool_s8_opt.o ABSOLUTE
    C:\Users\serca\AppData\Local\Arm\Packs\ARM\CMSIS\5.7.0\CMSIS\NN\Source\PoolingFunctions\arm_pool_q7_HWC.c 0x00000000   Number         0  arm_pool_q7_hwc.o ABSOLUTE
    C:\Users\serca\AppData\Local\Arm\Packs\ARM\CMSIS\5.7.0\CMSIS\NN\Source\ReshapeFunctions\arm_reshape_s8.c 0x00000000   Number         0  arm_reshape_s8.o ABSOLUTE
    C:\Users\serca\AppData\Local\Arm\Packs\ARM\CMSIS\5.7.0\CMSIS\NN\Source\SoftmaxFunctions\arm_softmax_q15.c 0x00000000   Number         0  arm_softmax_q15.o ABSOLUTE
    C:\Users\serca\AppData\Local\Arm\Packs\ARM\CMSIS\5.7.0\CMSIS\NN\Source\SoftmaxFunctions\arm_softmax_q7.c 0x00000000   Number         0  arm_softmax_q7.o ABSOLUTE
    C:\Users\serca\AppData\Local\Arm\Packs\ARM\CMSIS\5.7.0\CMSIS\NN\Source\SoftmaxFunctions\arm_softmax_s8.c 0x00000000   Number         0  arm_softmax_s8.o ABSOLUTE
    C:\Users\serca\AppData\Local\Arm\Packs\ARM\CMSIS\5.7.0\CMSIS\NN\Source\SoftmaxFunctions\arm_softmax_u8.c 0x00000000   Number         0  arm_softmax_u8.o ABSOLUTE
    C:\Users\serca\AppData\Local\Arm\Packs\ARM\CMSIS\5.7.0\CMSIS\NN\Source\SoftmaxFunctions\arm_softmax_with_batch_q7.c 0x00000000   Number         0  arm_softmax_with_batch_q7.o ABSOLUTE
    C:\\Users\\serca\\AppData\\Local\\Arm\\Packs\\ARM\\CMSIS\\5.7.0\\CMSIS\\DSP\\Source\\BasicMathFunctions\\BasicMathFunctions.c 0x00000000   Number         0  basicmathfunctions.o ABSOLUTE
    C:\\Users\\serca\\AppData\\Local\\Arm\\Packs\\ARM\\CMSIS\\5.7.0\\CMSIS\\DSP\\Source\\BayesFunctions\\BayesFunctions.c 0x00000000   Number         0  bayesfunctions.o ABSOLUTE
    C:\\Users\\serca\\AppData\\Local\\Arm\\Packs\\ARM\\CMSIS\\5.7.0\\CMSIS\\DSP\\Source\\CommonTables\\CommonTables.c 0x00000000   Number         0  commontables.o ABSOLUTE
    C:\\Users\\serca\\AppData\\Local\\Arm\\Packs\\ARM\\CMSIS\\5.7.0\\CMSIS\\DSP\\Source\\ComplexMathFunctions\\ComplexMathFunctions.c 0x00000000   Number         0  complexmathfunctions.o ABSOLUTE
    C:\\Users\\serca\\AppData\\Local\\Arm\\Packs\\ARM\\CMSIS\\5.7.0\\CMSIS\\DSP\\Source\\ControllerFunctions\\ControllerFunctions.c 0x00000000   Number         0  controllerfunctions.o ABSOLUTE
    C:\\Users\\serca\\AppData\\Local\\Arm\\Packs\\ARM\\CMSIS\\5.7.0\\CMSIS\\DSP\\Source\\DistanceFunctions\\DistanceFunctions.c 0x00000000   Number         0  distancefunctions.o ABSOLUTE
    C:\\Users\\serca\\AppData\\Local\\Arm\\Packs\\ARM\\CMSIS\\5.7.0\\CMSIS\\DSP\\Source\\FastMathFunctions\\FastMathFunctions.c 0x00000000   Number         0  fastmathfunctions.o ABSOLUTE
    C:\\Users\\serca\\AppData\\Local\\Arm\\Packs\\ARM\\CMSIS\\5.7.0\\CMSIS\\DSP\\Source\\FilteringFunctions\\FilteringFunctions.c 0x00000000   Number         0  filteringfunctions.o ABSOLUTE
    C:\\Users\\serca\\AppData\\Local\\Arm\\Packs\\ARM\\CMSIS\\5.7.0\\CMSIS\\DSP\\Source\\MatrixFunctions\\MatrixFunctions.c 0x00000000   Number         0  matrixfunctions.o ABSOLUTE
    C:\\Users\\serca\\AppData\\Local\\Arm\\Packs\\ARM\\CMSIS\\5.7.0\\CMSIS\\DSP\\Source\\SVMFunctions\\SVMFunctions.c 0x00000000   Number         0  svmfunctions.o ABSOLUTE
    C:\\Users\\serca\\AppData\\Local\\Arm\\Packs\\ARM\\CMSIS\\5.7.0\\CMSIS\\DSP\\Source\\StatisticsFunctions\\StatisticsFunctions.c 0x00000000   Number         0  statisticsfunctions.o ABSOLUTE
    C:\\Users\\serca\\AppData\\Local\\Arm\\Packs\\ARM\\CMSIS\\5.7.0\\CMSIS\\DSP\\Source\\SupportFunctions\\SupportFunctions.c 0x00000000   Number         0  supportfunctions.o ABSOLUTE
    C:\\Users\\serca\\AppData\\Local\\Arm\\Packs\\ARM\\CMSIS\\5.7.0\\CMSIS\\DSP\\Source\\TransformFunctions\\TransformFunctions.c 0x00000000   Number         0  transformfunctions.o ABSOLUTE
    C:\\Users\\serca\\AppData\\Local\\Arm\\Packs\\ARM\\CMSIS\\5.7.0\\CMSIS\\NN\\Source\\ActivationFunctions\\arm_nn_activations_q15.c 0x00000000   Number         0  arm_nn_activations_q15.o ABSOLUTE
    C:\\Users\\serca\\AppData\\Local\\Arm\\Packs\\ARM\\CMSIS\\5.7.0\\CMSIS\\NN\\Source\\ActivationFunctions\\arm_nn_activations_q7.c 0x00000000   Number         0  arm_nn_activations_q7.o ABSOLUTE
    C:\\Users\\serca\\AppData\\Local\\Arm\\Packs\\ARM\\CMSIS\\5.7.0\\CMSIS\\NN\\Source\\ActivationFunctions\\arm_relu6_s8.c 0x00000000   Number         0  arm_relu6_s8.o ABSOLUTE
    C:\\Users\\serca\\AppData\\Local\\Arm\\Packs\\ARM\\CMSIS\\5.7.0\\CMSIS\\NN\\Source\\ActivationFunctions\\arm_relu_q15.c 0x00000000   Number         0  arm_relu_q15.o ABSOLUTE
    C:\\Users\\serca\\AppData\\Local\\Arm\\Packs\\ARM\\CMSIS\\5.7.0\\CMSIS\\NN\\Source\\ActivationFunctions\\arm_relu_q7.c 0x00000000   Number         0  arm_relu_q7.o ABSOLUTE
    C:\\Users\\serca\\AppData\\Local\\Arm\\Packs\\ARM\\CMSIS\\5.7.0\\CMSIS\\NN\\Source\\BasicMathFunctions\\arm_elementwise_add_s8.c 0x00000000   Number         0  arm_elementwise_add_s8.o ABSOLUTE
    C:\\Users\\serca\\AppData\\Local\\Arm\\Packs\\ARM\\CMSIS\\5.7.0\\CMSIS\\NN\\Source\\BasicMathFunctions\\arm_elementwise_mul_s8.c 0x00000000   Number         0  arm_elementwise_mul_s8.o ABSOLUTE
    C:\\Users\\serca\\AppData\\Local\\Arm\\Packs\\ARM\\CMSIS\\5.7.0\\CMSIS\\NN\\Source\\ConcatenationFunctions\\arm_concatenation_s8_w.c 0x00000000   Number         0  arm_concatenation_s8_w.o ABSOLUTE
    C:\\Users\\serca\\AppData\\Local\\Arm\\Packs\\ARM\\CMSIS\\5.7.0\\CMSIS\\NN\\Source\\ConcatenationFunctions\\arm_concatenation_s8_x.c 0x00000000   Number         0  arm_concatenation_s8_x.o ABSOLUTE
    C:\\Users\\serca\\AppData\\Local\\Arm\\Packs\\ARM\\CMSIS\\5.7.0\\CMSIS\\NN\\Source\\ConcatenationFunctions\\arm_concatenation_s8_y.c 0x00000000   Number         0  arm_concatenation_s8_y.o ABSOLUTE
    C:\\Users\\serca\\AppData\\Local\\Arm\\Packs\\ARM\\CMSIS\\5.7.0\\CMSIS\\NN\\Source\\ConcatenationFunctions\\arm_concatenation_s8_z.c 0x00000000   Number         0  arm_concatenation_s8_z.o ABSOLUTE
    C:\\Users\\serca\\AppData\\Local\\Arm\\Packs\\ARM\\CMSIS\\5.7.0\\CMSIS\\NN\\Source\\ConvolutionFunctions\\arm_convolve_1_x_n_s8.c 0x00000000   Number         0  arm_convolve_1_x_n_s8.o ABSOLUTE
    C:\\Users\\serca\\AppData\\Local\\Arm\\Packs\\ARM\\CMSIS\\5.7.0\\CMSIS\\NN\\Source\\ConvolutionFunctions\\arm_convolve_1x1_HWC_q7_fast_nonsquare.c 0x00000000   Number         0  arm_convolve_1x1_hwc_q7_fast_nonsquare.o ABSOLUTE
    C:\\Users\\serca\\AppData\\Local\\Arm\\Packs\\ARM\\CMSIS\\5.7.0\\CMSIS\\NN\\Source\\ConvolutionFunctions\\arm_convolve_1x1_s8_fast.c 0x00000000   Number         0  arm_convolve_1x1_s8_fast.o ABSOLUTE
    C:\\Users\\serca\\AppData\\Local\\Arm\\Packs\\ARM\\CMSIS\\5.7.0\\CMSIS\\NN\\Source\\ConvolutionFunctions\\arm_convolve_HWC_q15_basic.c 0x00000000   Number         0  arm_convolve_hwc_q15_basic.o ABSOLUTE
    C:\\Users\\serca\\AppData\\Local\\Arm\\Packs\\ARM\\CMSIS\\5.7.0\\CMSIS\\NN\\Source\\ConvolutionFunctions\\arm_convolve_HWC_q15_fast.c 0x00000000   Number         0  arm_convolve_hwc_q15_fast.o ABSOLUTE
    C:\\Users\\serca\\AppData\\Local\\Arm\\Packs\\ARM\\CMSIS\\5.7.0\\CMSIS\\NN\\Source\\ConvolutionFunctions\\arm_convolve_HWC_q15_fast_nonsquare.c 0x00000000   Number         0  arm_convolve_hwc_q15_fast_nonsquare.o ABSOLUTE
    C:\\Users\\serca\\AppData\\Local\\Arm\\Packs\\ARM\\CMSIS\\5.7.0\\CMSIS\\NN\\Source\\ConvolutionFunctions\\arm_convolve_HWC_q7_RGB.c 0x00000000   Number         0  arm_convolve_hwc_q7_rgb.o ABSOLUTE
    C:\\Users\\serca\\AppData\\Local\\Arm\\Packs\\ARM\\CMSIS\\5.7.0\\CMSIS\\NN\\Source\\ConvolutionFunctions\\arm_convolve_HWC_q7_basic.c 0x00000000   Number         0  arm_convolve_hwc_q7_basic.o ABSOLUTE
    C:\\Users\\serca\\AppData\\Local\\Arm\\Packs\\ARM\\CMSIS\\5.7.0\\CMSIS\\NN\\Source\\ConvolutionFunctions\\arm_convolve_HWC_q7_basic_nonsquare.c 0x00000000   Number         0  arm_convolve_hwc_q7_basic_nonsquare.o ABSOLUTE
    C:\\Users\\serca\\AppData\\Local\\Arm\\Packs\\ARM\\CMSIS\\5.7.0\\CMSIS\\NN\\Source\\ConvolutionFunctions\\arm_convolve_HWC_q7_fast.c 0x00000000   Number         0  arm_convolve_hwc_q7_fast.o ABSOLUTE
    C:\\Users\\serca\\AppData\\Local\\Arm\\Packs\\ARM\\CMSIS\\5.7.0\\CMSIS\\NN\\Source\\ConvolutionFunctions\\arm_convolve_HWC_q7_fast_nonsquare.c 0x00000000   Number         0  arm_convolve_hwc_q7_fast_nonsquare.o ABSOLUTE
    C:\\Users\\serca\\AppData\\Local\\Arm\\Packs\\ARM\\CMSIS\\5.7.0\\CMSIS\\NN\\Source\\ConvolutionFunctions\\arm_convolve_s8.c 0x00000000   Number         0  arm_convolve_s8.o ABSOLUTE
    C:\\Users\\serca\\AppData\\Local\\Arm\\Packs\\ARM\\CMSIS\\5.7.0\\CMSIS\\NN\\Source\\ConvolutionFunctions\\arm_depthwise_conv_3x3_s8.c 0x00000000   Number         0  arm_depthwise_conv_3x3_s8.o ABSOLUTE
    C:\\Users\\serca\\AppData\\Local\\Arm\\Packs\\ARM\\CMSIS\\5.7.0\\CMSIS\\NN\\Source\\ConvolutionFunctions\\arm_depthwise_conv_s8.c 0x00000000   Number         0  arm_depthwise_conv_s8.o ABSOLUTE
    C:\\Users\\serca\\AppData\\Local\\Arm\\Packs\\ARM\\CMSIS\\5.7.0\\CMSIS\\NN\\Source\\ConvolutionFunctions\\arm_depthwise_conv_s8_opt.c 0x00000000   Number         0  arm_depthwise_conv_s8_opt.o ABSOLUTE
    C:\\Users\\serca\\AppData\\Local\\Arm\\Packs\\ARM\\CMSIS\\5.7.0\\CMSIS\\NN\\Source\\ConvolutionFunctions\\arm_depthwise_conv_u8_basic_ver1.c 0x00000000   Number         0  arm_depthwise_conv_u8_basic_ver1.o ABSOLUTE
    C:\\Users\\serca\\AppData\\Local\\Arm\\Packs\\ARM\\CMSIS\\5.7.0\\CMSIS\\NN\\Source\\ConvolutionFunctions\\arm_depthwise_separable_conv_HWC_q7.c 0x00000000   Number         0  arm_depthwise_separable_conv_hwc_q7.o ABSOLUTE
    C:\\Users\\serca\\AppData\\Local\\Arm\\Packs\\ARM\\CMSIS\\5.7.0\\CMSIS\\NN\\Source\\ConvolutionFunctions\\arm_depthwise_separable_conv_HWC_q7_nonsquare.c 0x00000000   Number         0  arm_depthwise_separable_conv_hwc_q7_nonsquare.o ABSOLUTE
    C:\\Users\\serca\\AppData\\Local\\Arm\\Packs\\ARM\\CMSIS\\5.7.0\\CMSIS\\NN\\Source\\ConvolutionFunctions\\arm_nn_depthwise_conv_s8_core.c 0x00000000   Number         0  arm_nn_depthwise_conv_s8_core.o ABSOLUTE
    C:\\Users\\serca\\AppData\\Local\\Arm\\Packs\\ARM\\CMSIS\\5.7.0\\CMSIS\\NN\\Source\\ConvolutionFunctions\\arm_nn_mat_mult_kernel_q7_q15.c 0x00000000   Number         0  arm_nn_mat_mult_kernel_q7_q15.o ABSOLUTE
    C:\\Users\\serca\\AppData\\Local\\Arm\\Packs\\ARM\\CMSIS\\5.7.0\\CMSIS\\NN\\Source\\ConvolutionFunctions\\arm_nn_mat_mult_kernel_q7_q15_reordered.c 0x00000000   Number         0  arm_nn_mat_mult_kernel_q7_q15_reordered.o ABSOLUTE
    C:\\Users\\serca\\AppData\\Local\\Arm\\Packs\\ARM\\CMSIS\\5.7.0\\CMSIS\\NN\\Source\\ConvolutionFunctions\\arm_nn_mat_mult_kernel_s8_s16.c 0x00000000   Number         0  arm_nn_mat_mult_kernel_s8_s16.o ABSOLUTE
    C:\\Users\\serca\\AppData\\Local\\Arm\\Packs\\ARM\\CMSIS\\5.7.0\\CMSIS\\NN\\Source\\ConvolutionFunctions\\arm_nn_mat_mult_kernel_s8_s16_reordered.c 0x00000000   Number         0  arm_nn_mat_mult_kernel_s8_s16_reordered.o ABSOLUTE
    C:\\Users\\serca\\AppData\\Local\\Arm\\Packs\\ARM\\CMSIS\\5.7.0\\CMSIS\\NN\\Source\\ConvolutionFunctions\\arm_nn_mat_mult_s8.c 0x00000000   Number         0  arm_nn_mat_mult_s8.o ABSOLUTE
    C:\\Users\\serca\\AppData\\Local\\Arm\\Packs\\ARM\\CMSIS\\5.7.0\\CMSIS\\NN\\Source\\FullyConnectedFunctions\\arm_fully_connected_mat_q7_vec_q15.c 0x00000000   Number         0  arm_fully_connected_mat_q7_vec_q15.o ABSOLUTE
    C:\\Users\\serca\\AppData\\Local\\Arm\\Packs\\ARM\\CMSIS\\5.7.0\\CMSIS\\NN\\Source\\FullyConnectedFunctions\\arm_fully_connected_mat_q7_vec_q15_opt.c 0x00000000   Number         0  arm_fully_connected_mat_q7_vec_q15_opt.o ABSOLUTE
    C:\\Users\\serca\\AppData\\Local\\Arm\\Packs\\ARM\\CMSIS\\5.7.0\\CMSIS\\NN\\Source\\FullyConnectedFunctions\\arm_fully_connected_q15.c 0x00000000   Number         0  arm_fully_connected_q15.o ABSOLUTE
    C:\\Users\\serca\\AppData\\Local\\Arm\\Packs\\ARM\\CMSIS\\5.7.0\\CMSIS\\NN\\Source\\FullyConnectedFunctions\\arm_fully_connected_q15_opt.c 0x00000000   Number         0  arm_fully_connected_q15_opt.o ABSOLUTE
    C:\\Users\\serca\\AppData\\Local\\Arm\\Packs\\ARM\\CMSIS\\5.7.0\\CMSIS\\NN\\Source\\FullyConnectedFunctions\\arm_fully_connected_q7.c 0x00000000   Number         0  arm_fully_connected_q7.o ABSOLUTE
    C:\\Users\\serca\\AppData\\Local\\Arm\\Packs\\ARM\\CMSIS\\5.7.0\\CMSIS\\NN\\Source\\FullyConnectedFunctions\\arm_fully_connected_q7_opt.c 0x00000000   Number         0  arm_fully_connected_q7_opt.o ABSOLUTE
    C:\\Users\\serca\\AppData\\Local\\Arm\\Packs\\ARM\\CMSIS\\5.7.0\\CMSIS\\NN\\Source\\FullyConnectedFunctions\\arm_fully_connected_s8.c 0x00000000   Number         0  arm_fully_connected_s8.o ABSOLUTE
    C:\\Users\\serca\\AppData\\Local\\Arm\\Packs\\ARM\\CMSIS\\5.7.0\\CMSIS\\NN\\Source\\NNSupportFunctions\\arm_nn_accumulate_q7_to_q15.c 0x00000000   Number         0  arm_nn_accumulate_q7_to_q15.o ABSOLUTE
    C:\\Users\\serca\\AppData\\Local\\Arm\\Packs\\ARM\\CMSIS\\5.7.0\\CMSIS\\NN\\Source\\NNSupportFunctions\\arm_nn_add_q7.c 0x00000000   Number         0  arm_nn_add_q7.o ABSOLUTE
    C:\\Users\\serca\\AppData\\Local\\Arm\\Packs\\ARM\\CMSIS\\5.7.0\\CMSIS\\NN\\Source\\NNSupportFunctions\\arm_nn_mat_mul_core_1x_s8.c 0x00000000   Number         0  arm_nn_mat_mul_core_1x_s8.o ABSOLUTE
    C:\\Users\\serca\\AppData\\Local\\Arm\\Packs\\ARM\\CMSIS\\5.7.0\\CMSIS\\NN\\Source\\NNSupportFunctions\\arm_nn_mat_mul_core_4x_s8.c 0x00000000   Number         0  arm_nn_mat_mul_core_4x_s8.o ABSOLUTE
    C:\\Users\\serca\\AppData\\Local\\Arm\\Packs\\ARM\\CMSIS\\5.7.0\\CMSIS\\NN\\Source\\NNSupportFunctions\\arm_nn_mat_mult_nt_t_s8.c 0x00000000   Number         0  arm_nn_mat_mult_nt_t_s8.o ABSOLUTE
    C:\\Users\\serca\\AppData\\Local\\Arm\\Packs\\ARM\\CMSIS\\5.7.0\\CMSIS\\NN\\Source\\NNSupportFunctions\\arm_nn_mult_q15.c 0x00000000   Number         0  arm_nn_mult_q15.o ABSOLUTE
    C:\\Users\\serca\\AppData\\Local\\Arm\\Packs\\ARM\\CMSIS\\5.7.0\\CMSIS\\NN\\Source\\NNSupportFunctions\\arm_nn_mult_q7.c 0x00000000   Number         0  arm_nn_mult_q7.o ABSOLUTE
    C:\\Users\\serca\\AppData\\Local\\Arm\\Packs\\ARM\\CMSIS\\5.7.0\\CMSIS\\NN\\Source\\NNSupportFunctions\\arm_nn_vec_mat_mult_t_s8.c 0x00000000   Number         0  arm_nn_vec_mat_mult_t_s8.o ABSOLUTE
    C:\\Users\\serca\\AppData\\Local\\Arm\\Packs\\ARM\\CMSIS\\5.7.0\\CMSIS\\NN\\Source\\NNSupportFunctions\\arm_nntables.c 0x00000000   Number         0  arm_nntables.o ABSOLUTE
    C:\\Users\\serca\\AppData\\Local\\Arm\\Packs\\ARM\\CMSIS\\5.7.0\\CMSIS\\NN\\Source\\NNSupportFunctions\\arm_q7_to_q15_no_shift.c 0x00000000   Number         0  arm_q7_to_q15_no_shift.o ABSOLUTE
    C:\\Users\\serca\\AppData\\Local\\Arm\\Packs\\ARM\\CMSIS\\5.7.0\\CMSIS\\NN\\Source\\NNSupportFunctions\\arm_q7_to_q15_reordered_no_shift.c 0x00000000   Number         0  arm_q7_to_q15_reordered_no_shift.o ABSOLUTE
    C:\\Users\\serca\\AppData\\Local\\Arm\\Packs\\ARM\\CMSIS\\5.7.0\\CMSIS\\NN\\Source\\NNSupportFunctions\\arm_q7_to_q15_reordered_with_offset.c 0x00000000   Number         0  arm_q7_to_q15_reordered_with_offset.o ABSOLUTE
    C:\\Users\\serca\\AppData\\Local\\Arm\\Packs\\ARM\\CMSIS\\5.7.0\\CMSIS\\NN\\Source\\NNSupportFunctions\\arm_q7_to_q15_with_offset.c 0x00000000   Number         0  arm_q7_to_q15_with_offset.o ABSOLUTE
    C:\\Users\\serca\\AppData\\Local\\Arm\\Packs\\ARM\\CMSIS\\5.7.0\\CMSIS\\NN\\Source\\PoolingFunctions\\arm_avgpool_s8.c 0x00000000   Number         0  arm_avgpool_s8.o ABSOLUTE
    C:\\Users\\serca\\AppData\\Local\\Arm\\Packs\\ARM\\CMSIS\\5.7.0\\CMSIS\\NN\\Source\\PoolingFunctions\\arm_max_pool_s8.c 0x00000000   Number         0  arm_max_pool_s8.o ABSOLUTE
    C:\\Users\\serca\\AppData\\Local\\Arm\\Packs\\ARM\\CMSIS\\5.7.0\\CMSIS\\NN\\Source\\PoolingFunctions\\arm_max_pool_s8_opt.c 0x00000000   Number         0  arm_max_pool_s8_opt.o ABSOLUTE
    C:\\Users\\serca\\AppData\\Local\\Arm\\Packs\\ARM\\CMSIS\\5.7.0\\CMSIS\\NN\\Source\\PoolingFunctions\\arm_pool_q7_HWC.c 0x00000000   Number         0  arm_pool_q7_hwc.o ABSOLUTE
    C:\\Users\\serca\\AppData\\Local\\Arm\\Packs\\ARM\\CMSIS\\5.7.0\\CMSIS\\NN\\Source\\ReshapeFunctions\\arm_reshape_s8.c 0x00000000   Number         0  arm_reshape_s8.o ABSOLUTE
    C:\\Users\\serca\\AppData\\Local\\Arm\\Packs\\ARM\\CMSIS\\5.7.0\\CMSIS\\NN\\Source\\SoftmaxFunctions\\arm_softmax_q15.c 0x00000000   Number         0  arm_softmax_q15.o ABSOLUTE
    C:\\Users\\serca\\AppData\\Local\\Arm\\Packs\\ARM\\CMSIS\\5.7.0\\CMSIS\\NN\\Source\\SoftmaxFunctions\\arm_softmax_q7.c 0x00000000   Number         0  arm_softmax_q7.o ABSOLUTE
    C:\\Users\\serca\\AppData\\Local\\Arm\\Packs\\ARM\\CMSIS\\5.7.0\\CMSIS\\NN\\Source\\SoftmaxFunctions\\arm_softmax_s8.c 0x00000000   Number         0  arm_softmax_s8.o ABSOLUTE
    C:\\Users\\serca\\AppData\\Local\\Arm\\Packs\\ARM\\CMSIS\\5.7.0\\CMSIS\\NN\\Source\\SoftmaxFunctions\\arm_softmax_u8.c 0x00000000   Number         0  arm_softmax_u8.o ABSOLUTE
    C:\\Users\\serca\\AppData\\Local\\Arm\\Packs\\ARM\\CMSIS\\5.7.0\\CMSIS\\NN\\Source\\SoftmaxFunctions\\arm_softmax_with_batch_q7.c 0x00000000   Number         0  arm_softmax_with_batch_q7.o ABSOLUTE
    RTE\Device\LPC4088FET208\startup_LPC407x_8x_177x_8x.s 0x00000000   Number         0  startup_lpc407x_8x_177x_8x.o ABSOLUTE
    RTE\Device\LPC4088FET208\system_LPC407x_8x_177x_8x.c 0x00000000   Number         0  system_lpc407x_8x_177x_8x.o ABSOLUTE
    RTE\\Device\\LPC4088FET208\\system_LPC407x_8x_177x_8x.c 0x00000000   Number         0  system_lpc407x_8x_177x_8x.o ABSOLUTE
    action.c                                 0x00000000   Number         0  action.o ABSOLUTE
    action.c                                 0x00000000   Number         0  action.o ABSOLUTE
    cdcmple.s                                0x00000000   Number         0  cdcmple.o ABSOLUTE
    dc.s                                     0x00000000   Number         0  dc.o ABSOLUTE
    decision_tree.c                          0x00000000   Number         0  decision_tree.o ABSOLUTE
    decision_tree.c                          0x00000000   Number         0  decision_tree.o ABSOLUTE
    handlers.s                               0x00000000   Number         0  handlers.o ABSOLUTE
    init.s                                   0x00000000   Number         0  init.o ABSOLUTE
    joystick.c                               0x00000000   Number         0  joystick.o ABSOLUTE
    joystick.c                               0x00000000   Number         0  joystick.o ABSOLUTE
    led.c                                    0x00000000   Number         0  led.o ABSOLUTE
    led.c                                    0x00000000   Number         0  led.o ABSOLUTE
    main.c                                   0x00000000   Number         0  main.o ABSOLUTE
    main.c                                   0x00000000   Number         0  main.o ABSOLUTE
    ml_util.c                                0x00000000   Number         0  ml_util.o ABSOLUTE
    ml_util.c                                0x00000000   Number         0  ml_util.o ABSOLUTE
    mlp.c                                    0x00000000   Number         0  mlp.o ABSOLUTE
    mlp.c                                    0x00000000   Number         0  mlp.o ABSOLUTE
    motor_driver.c                           0x00000000   Number         0  motor_driver.o ABSOLUTE
    motor_driver.c                           0x00000000   Number         0  motor_driver.o ABSOLUTE
    push_button.c                            0x00000000   Number         0  push_button.o ABSOLUTE
    push_button.c                            0x00000000   Number         0  push_button.o ABSOLUTE
    svm.c                                    0x00000000   Number         0  svm.o ABSOLUTE
    svm.c                                    0x00000000   Number         0  svm.o ABSOLUTE
    ultrasonic_sensor.c                      0x00000000   Number         0  ultrasonic_sensor.o ABSOLUTE
    ultrasonic_sensor.c                      0x00000000   Number         0  ultrasonic_sensor.o ABSOLUTE
    .ARM.Collect$$$$00000000                 0x000000e4   Section        0  entry.o(.ARM.Collect$$$$00000000)
    .ARM.Collect$$$$00000001                 0x000000e4   Section        4  entry2.o(.ARM.Collect$$$$00000001)
    .ARM.Collect$$$$00000004                 0x000000e8   Section        4  entry5.o(.ARM.Collect$$$$00000004)
    .ARM.Collect$$$$00000008                 0x000000ec   Section        0  entry7b.o(.ARM.Collect$$$$00000008)
    .ARM.Collect$$$$0000000A                 0x000000ec   Section        0  entry8b.o(.ARM.Collect$$$$0000000A)
    .ARM.Collect$$$$0000000B                 0x000000ec   Section        8  entry9a.o(.ARM.Collect$$$$0000000B)
    .ARM.Collect$$$$0000000D                 0x000000f4   Section        0  entry10a.o(.ARM.Collect$$$$0000000D)
    .ARM.Collect$$$$0000000F                 0x000000f4   Section        0  entry11a.o(.ARM.Collect$$$$0000000F)
    .ARM.Collect$$$$00002712                 0x000000f4   Section        4  entry2.o(.ARM.Collect$$$$00002712)
    __lit__00000000                          0x000000f4   Data           4  entry2.o(.ARM.Collect$$$$00002712)
    .text                                    0x000000f8   Section       36  startup_lpc407x_8x_177x_8x.o(.text)
    $v0                                      0x000000f8   Number         0  startup_lpc407x_8x_177x_8x.o(.text)
    .text                                    0x0000011c   Section       36  init.o(.text)
    .text                                    0x00000140   Section        0  __dczerorl2.o(.text)
    i.EINT0_IRQHandler                       0x00000198   Section        0  push_button.o(i.EINT0_IRQHandler)
    i.SystemInit                             0x000001bc   Section        0  system_lpc407x_8x_177x_8x.o(i.SystemInit)
    i.TIMER2_IRQHandler                      0x000002ac   Section        0  ultrasonic_sensor.o(i.TIMER2_IRQHandler)
    i.TIMER3_IRQHandler                      0x000002cc   Section        0  ultrasonic_sensor.o(i.TIMER3_IRQHandler)
    i.__scatterload_copy                     0x000002ec   Section       14  handlers.o(i.__scatterload_copy)
    i.__scatterload_null                     0x000002fa   Section        2  handlers.o(i.__scatterload_null)
    .ARM.__at_0x02FC                         0x000002fc   Section        4  startup_lpc407x_8x_177x_8x.o(.ARM.__at_0x02FC)
    i.SystemCoreClockUpdate                  0x00000300   Section        0  system_lpc407x_8x_177x_8x.o(i.SystemCoreClockUpdate)
    i.SystemInit_ExtMemCtl                   0x000005d4   Section        0  system_lpc407x_8x_177x_8x.o(i.SystemInit_ExtMemCtl)
    i.TIMER0_IRQHandler                      0x000007cc   Section        0  action.o(i.TIMER0_IRQHandler)
    i._DelayMs                               0x00000824   Section        0  system_lpc407x_8x_177x_8x.o(i._DelayMs)
    _DelayMs                                 0x00000825   Thumb Code    38  system_lpc407x_8x_177x_8x.o(i._DelayMs)
    i.__scatterload_zeroinit                 0x00000850   Section       14  handlers.o(i.__scatterload_zeroinit)
    i.action_enum_to_action                  0x0000085e   Section        0  action.o(i.action_enum_to_action)
    i.action_init                            0x00000890   Section        0  action.o(i.action_init)
    i.action_move_forward                    0x00000908   Section        0  action.o(i.action_move_forward)
    i.action_sharp_right_turn                0x0000092c   Section        0  action.o(i.action_sharp_right_turn)
    i.action_slight_left_turn                0x00000954   Section        0  action.o(i.action_slight_left_turn)
    i.action_slight_right_turn               0x0000097c   Section        0  action.o(i.action_slight_right_turn)
    i.dt_predict                             0x000009a4   Section        0  decision_tree.o(i.dt_predict)
    i.fpu_init                               0x000009e4   Section        0  system_lpc407x_8x_177x_8x.o(i.fpu_init)
    i.free                                   0x00000a34   Section        0  malloc.o(i.free)
    i.handle_action_idle                     0x00000a84   Section        0  main.o(i.handle_action_idle)
    i.handle_push_button_pressed_test        0x00000ad4   Section        0  main.o(i.handle_push_button_pressed_test)
    i.handle_ultrasonic_updated_led          0x00000b04   Section        0  main.o(i.handle_ultrasonic_updated_led)
    i.init                                   0x00000b38   Section        0  main.o(i.init)
    i.led_init                               0x00000b50   Section        0  led.o(i.led_init)
    i.led_turn_off                           0x00000ba8   Section        0  led.o(i.led_turn_off)
    i.led_turn_on                            0x00000bf8   Section        0  led.o(i.led_turn_on)
    i.main                                   0x00000c48   Section        0  main.o(i.main)
    i.malloc                                 0x00000c54   Section        0  malloc.o(i.malloc)
    i.motor1_backward                        0x00000cc0   Section        0  motor_driver.o(i.motor1_backward)
    i.motor1_forward                         0x00000cdc   Section        0  motor_driver.o(i.motor1_forward)
    i.motor1_update_duty_cycle               0x00000cf8   Section        0  motor_driver.o(i.motor1_update_duty_cycle)
    i.motor2_backward                        0x00000d20   Section        0  motor_driver.o(i.motor2_backward)
    i.motor2_forward                         0x00000d3c   Section        0  motor_driver.o(i.motor2_forward)
    i.motor2_update_duty_cycle               0x00000d58   Section        0  motor_driver.o(i.motor2_update_duty_cycle)
    i.motor_both_forward                     0x00000d80   Section        0  motor_driver.o(i.motor_both_forward)
    i.motor_both_update_duty_cycle           0x00000d8c   Section        0  motor_driver.o(i.motor_both_update_duty_cycle)
    i.motor_init                             0x00000da0   Section        0  motor_driver.o(i.motor_init)
    i.push_button_init                       0x00000e68   Section        0  push_button.o(i.push_button_init)
    i.start_timer_and_stop_after             0x00000ec8   Section        0  action.o(i.start_timer_and_stop_after)
    i.start_triggering                       0x00000ee6   Section        0  ultrasonic_sensor.o(i.start_triggering)
    i.ultrasonic_handle_single               0x00000f04   Section        0  ultrasonic_sensor.o(i.ultrasonic_handle_single)
    i.ultrasonic_init                        0x00001080   Section        0  ultrasonic_sensor.o(i.ultrasonic_init)
    i.ultrasonic_init_single                 0x000010b8   Section        0  ultrasonic_sensor.o(i.ultrasonic_init_single)
    i.update                                 0x00001184   Section        0  main.o(i.update)
    .constdata                               0x000011d0   Section        3  ultrasonic_sensor.o(.constdata)
    .data                                    0x10000000   Section        4  main.o(.data)
    .data                                    0x10000004   Section      195  ultrasonic_sensor.o(.data)
    .data                                    0x100000c7   Section        1  push_button.o(.data)
    .data                                    0x100000c8   Section        1  action.o(.data)
    .data                                    0x100000cc   Section      501  decision_tree.o(.data)
    .data                                    0x100002c4   Section       16  system_lpc407x_8x_177x_8x.o(.data)
    .data                                    0x100002d4   Section        4  mvars.o(.data)
    .data                                    0x100002d8   Section        4  mvars.o(.data)
    .bss                                     0x100002dc   Section       32  ultrasonic_sensor.o(.bss)
    HEAP                                     0x10000300   Section        0  startup_lpc407x_8x_177x_8x.o(HEAP)
    STACK                                    0x10000300   Section     1024  startup_lpc407x_8x_177x_8x.o(STACK)

    Global Symbols

    Symbol Name                              Value     Ov Type        Size  Object(Section)

    BuildAttributes$$THM_ISAv4$E$P$D$K$B$S$7EM$VFPi3$EXTD16$VFPS$VFMA$PE$A:L22UL41UL21$X:L11$S22US41US21$IEEE1$IW$USESV6$~STKCKD$USESV7$~SHL$OTIME$ROPI$IEEEX$EBA8$MICROLIB$REQ8$PRES8$EABIv2 0x00000000   Number         0  anon$$obj.o ABSOLUTE
    __ARM_use_no_argv                        0x00000000   Number         0  main.o ABSOLUTE
    __Vectors                                0x00000000   Data           4  startup_lpc407x_8x_177x_8x.o(RESET)
    __cpp_initialize__aeabi_                  - Undefined Weak Reference
    __cxa_finalize                            - Undefined Weak Reference
    _clock_init                               - Undefined Weak Reference
    _microlib_exit                            - Undefined Weak Reference
    __main                                   0x000000e5   Thumb Code     0  entry.o(.ARM.Collect$$$$00000000)
    _main_stk                                0x000000e5   Thumb Code     0  entry2.o(.ARM.Collect$$$$00000001)
    _main_scatterload                        0x000000e9   Thumb Code     0  entry5.o(.ARM.Collect$$$$00000004)
    __main_after_scatterload                 0x000000ed   Thumb Code     0  entry5.o(.ARM.Collect$$$$00000004)
    _main_clock                              0x000000ed   Thumb Code     0  entry7b.o(.ARM.Collect$$$$00000008)
    _main_cpp_init                           0x000000ed   Thumb Code     0  entry8b.o(.ARM.Collect$$$$0000000A)
    _main_init                               0x000000ed   Thumb Code     0  entry9a.o(.ARM.Collect$$$$0000000B)
    __rt_final_cpp                           0x000000f5   Thumb Code     0  entry10a.o(.ARM.Collect$$$$0000000D)
    __rt_final_exit                          0x000000f5   Thumb Code     0  entry11a.o(.ARM.Collect$$$$0000000F)
    Reset_Handler                            0x000000f9   Thumb Code     8  startup_lpc407x_8x_177x_8x.o(.text)
    NMI_Handler                              0x00000101   Thumb Code     2  startup_lpc407x_8x_177x_8x.o(.text)
    HardFault_Handler                        0x00000103   Thumb Code     2  startup_lpc407x_8x_177x_8x.o(.text)
    MemManage_Handler                        0x00000105   Thumb Code     2  startup_lpc407x_8x_177x_8x.o(.text)
    BusFault_Handler                         0x00000107   Thumb Code     2  startup_lpc407x_8x_177x_8x.o(.text)
    UsageFault_Handler                       0x00000109   Thumb Code     2  startup_lpc407x_8x_177x_8x.o(.text)
    SVC_Handler                              0x0000010b   Thumb Code     2  startup_lpc407x_8x_177x_8x.o(.text)
    DebugMon_Handler                         0x0000010d   Thumb Code     2  startup_lpc407x_8x_177x_8x.o(.text)
    PendSV_Handler                           0x0000010f   Thumb Code     2  startup_lpc407x_8x_177x_8x.o(.text)
    SysTick_Handler                          0x00000111   Thumb Code     2  startup_lpc407x_8x_177x_8x.o(.text)
    ADC_IRQHandler                           0x00000113   Thumb Code     0  startup_lpc407x_8x_177x_8x.o(.text)
    BOD_IRQHandler                           0x00000113   Thumb Code     0  startup_lpc407x_8x_177x_8x.o(.text)
    CANActivity_IRQHandler                   0x00000113   Thumb Code     0  startup_lpc407x_8x_177x_8x.o(.text)
    CAN_IRQHandler                           0x00000113   Thumb Code     0  startup_lpc407x_8x_177x_8x.o(.text)
    DMA_IRQHandler                           0x00000113   Thumb Code     0  startup_lpc407x_8x_177x_8x.o(.text)
    EEPROM_IRQHandler                        0x00000113   Thumb Code     0  startup_lpc407x_8x_177x_8x.o(.text)
    EINT1_IRQHandler                         0x00000113   Thumb Code     0  startup_lpc407x_8x_177x_8x.o(.text)
    EINT2_IRQHandler                         0x00000113   Thumb Code     0  startup_lpc407x_8x_177x_8x.o(.text)
    EINT3_IRQHandler                         0x00000113   Thumb Code     0  startup_lpc407x_8x_177x_8x.o(.text)
    ENET_IRQHandler                          0x00000113   Thumb Code     0  startup_lpc407x_8x_177x_8x.o(.text)
    GPIO_IRQHandler                          0x00000113   Thumb Code     0  startup_lpc407x_8x_177x_8x.o(.text)
    I2C0_IRQHandler                          0x00000113   Thumb Code     0  startup_lpc407x_8x_177x_8x.o(.text)
    I2C1_IRQHandler                          0x00000113   Thumb Code     0  startup_lpc407x_8x_177x_8x.o(.text)
    I2C2_IRQHandler                          0x00000113   Thumb Code     0  startup_lpc407x_8x_177x_8x.o(.text)
    I2S_IRQHandler                           0x00000113   Thumb Code     0  startup_lpc407x_8x_177x_8x.o(.text)
    LCD_IRQHandler                           0x00000113   Thumb Code     0  startup_lpc407x_8x_177x_8x.o(.text)
    MCI_IRQHandler                           0x00000113   Thumb Code     0  startup_lpc407x_8x_177x_8x.o(.text)
    MCPWM_IRQHandler                         0x00000113   Thumb Code     0  startup_lpc407x_8x_177x_8x.o(.text)
    PLL0_IRQHandler                          0x00000113   Thumb Code     0  startup_lpc407x_8x_177x_8x.o(.text)
    PLL1_IRQHandler                          0x00000113   Thumb Code     0  startup_lpc407x_8x_177x_8x.o(.text)
    PWM0_IRQHandler                          0x00000113   Thumb Code     0  startup_lpc407x_8x_177x_8x.o(.text)
    PWM1_IRQHandler                          0x00000113   Thumb Code     0  startup_lpc407x_8x_177x_8x.o(.text)
    QEI_IRQHandler                           0x00000113   Thumb Code     0  startup_lpc407x_8x_177x_8x.o(.text)
    RTC_IRQHandler                           0x00000113   Thumb Code     0  startup_lpc407x_8x_177x_8x.o(.text)
    SSP0_IRQHandler                          0x00000113   Thumb Code     0  startup_lpc407x_8x_177x_8x.o(.text)
    SSP1_IRQHandler                          0x00000113   Thumb Code     0  startup_lpc407x_8x_177x_8x.o(.text)
    SSP2_IRQHandler                          0x00000113   Thumb Code     0  startup_lpc407x_8x_177x_8x.o(.text)
    TIMER1_IRQHandler                        0x00000113   Thumb Code     0  startup_lpc407x_8x_177x_8x.o(.text)
    UART0_IRQHandler                         0x00000113   Thumb Code     0  startup_lpc407x_8x_177x_8x.o(.text)
    UART1_IRQHandler                         0x00000113   Thumb Code     0  startup_lpc407x_8x_177x_8x.o(.text)
    UART2_IRQHandler                         0x00000113   Thumb Code     0  startup_lpc407x_8x_177x_8x.o(.text)
    UART3_IRQHandler                         0x00000113   Thumb Code     0  startup_lpc407x_8x_177x_8x.o(.text)
    UART4_IRQHandler                         0x00000113   Thumb Code     0  startup_lpc407x_8x_177x_8x.o(.text)
    USBActivity_IRQHandler                   0x00000113   Thumb Code     0  startup_lpc407x_8x_177x_8x.o(.text)
    USB_IRQHandler                           0x00000113   Thumb Code     0  startup_lpc407x_8x_177x_8x.o(.text)
    WDT_IRQHandler                           0x00000113   Thumb Code     0  startup_lpc407x_8x_177x_8x.o(.text)
    __scatterload                            0x0000011d   Thumb Code    28  init.o(.text)
    __scatterload_rt2                        0x0000011d   Thumb Code     0  init.o(.text)
    __decompress                             0x00000141   Thumb Code     0  __dczerorl2.o(.text)
    __decompress1                            0x00000141   Thumb Code    86  __dczerorl2.o(.text)
    EINT0_IRQHandler                         0x00000199   Thumb Code    22  push_button.o(i.EINT0_IRQHandler)
    SystemInit                               0x000001bd   Thumb Code   224  system_lpc407x_8x_177x_8x.o(i.SystemInit)
    TIMER2_IRQHandler                        0x000002ad   Thumb Code    26  ultrasonic_sensor.o(i.TIMER2_IRQHandler)
    TIMER3_IRQHandler                        0x000002cd   Thumb Code    26  ultrasonic_sensor.o(i.TIMER3_IRQHandler)
    __scatterload_copy                       0x000002ed   Thumb Code    14  handlers.o(i.__scatterload_copy)
    __scatterload_null                       0x000002fb   Thumb Code     2  handlers.o(i.__scatterload_null)
    SystemCoreClockUpdate                    0x00000301   Thumb Code   696  system_lpc407x_8x_177x_8x.o(i.SystemCoreClockUpdate)
    SystemInit_ExtMemCtl                     0x000005d5   Thumb Code   468  system_lpc407x_8x_177x_8x.o(i.SystemInit_ExtMemCtl)
    TIMER0_IRQHandler                        0x000007cd   Thumb Code    84  action.o(i.TIMER0_IRQHandler)
    __scatterload_zeroinit                   0x00000851   Thumb Code    14  handlers.o(i.__scatterload_zeroinit)
    action_enum_to_action                    0x0000085f   Thumb Code    50  action.o(i.action_enum_to_action)
    action_init                              0x00000891   Thumb Code   110  action.o(i.action_init)
    action_move_forward                      0x00000909   Thumb Code    26  action.o(i.action_move_forward)
    action_sharp_right_turn                  0x0000092d   Thumb Code    30  action.o(i.action_sharp_right_turn)
    action_slight_left_turn                  0x00000955   Thumb Code    30  action.o(i.action_slight_left_turn)
    action_slight_right_turn                 0x0000097d   Thumb Code    30  action.o(i.action_slight_right_turn)
    dt_predict                               0x000009a5   Thumb Code    56  decision_tree.o(i.dt_predict)
    fpu_init                                 0x000009e5   Thumb Code    62  system_lpc407x_8x_177x_8x.o(i.fpu_init)
    free                                     0x00000a35   Thumb Code    76  malloc.o(i.free)
    handle_action_idle                       0x00000a85   Thumb Code    66  main.o(i.handle_action_idle)
    handle_push_button_pressed_test          0x00000ad5   Thumb Code    40  main.o(i.handle_push_button_pressed_test)
    handle_ultrasonic_updated_led            0x00000b05   Thumb Code    44  main.o(i.handle_ultrasonic_updated_led)
    init                                     0x00000b39   Thumb Code    24  main.o(i.init)
    led_init                                 0x00000b51   Thumb Code    84  led.o(i.led_init)
    led_turn_off                             0x00000ba9   Thumb Code    76  led.o(i.led_turn_off)
    led_turn_on                              0x00000bf9   Thumb Code    76  led.o(i.led_turn_on)
    main                                     0x00000c49   Thumb Code    12  main.o(i.main)
    malloc                                   0x00000c55   Thumb Code    92  malloc.o(i.malloc)
    motor1_backward                          0x00000cc1   Thumb Code    24  motor_driver.o(i.motor1_backward)
    motor1_forward                           0x00000cdd   Thumb Code    24  motor_driver.o(i.motor1_forward)
    motor1_update_duty_cycle                 0x00000cf9   Thumb Code    34  motor_driver.o(i.motor1_update_duty_cycle)
    motor2_backward                          0x00000d21   Thumb Code    24  motor_driver.o(i.motor2_backward)
    motor2_forward                           0x00000d3d   Thumb Code    24  motor_driver.o(i.motor2_forward)
    motor2_update_duty_cycle                 0x00000d59   Thumb Code    34  motor_driver.o(i.motor2_update_duty_cycle)
    motor_both_forward                       0x00000d81   Thumb Code    12  motor_driver.o(i.motor_both_forward)
    motor_both_update_duty_cycle             0x00000d8d   Thumb Code    18  motor_driver.o(i.motor_both_update_duty_cycle)
    motor_init                               0x00000da1   Thumb Code   184  motor_driver.o(i.motor_init)
    push_button_init                         0x00000e69   Thumb Code    82  push_button.o(i.push_button_init)
    start_timer_and_stop_after               0x00000ec9   Thumb Code    30  action.o(i.start_timer_and_stop_after)
    start_triggering                         0x00000ee7   Thumb Code    30  ultrasonic_sensor.o(i.start_triggering)
    ultrasonic_handle_single                 0x00000f05   Thumb Code   354  ultrasonic_sensor.o(i.ultrasonic_handle_single)
    ultrasonic_init                          0x00001081   Thumb Code    46  ultrasonic_sensor.o(i.ultrasonic_init)
    ultrasonic_init_single                   0x000010b9   Thumb Code   198  ultrasonic_sensor.o(i.ultrasonic_init_single)
    update                                   0x00001185   Thumb Code    58  main.o(i.update)
    n_sensors                                0x000011d0   Data           1  ultrasonic_sensor.o(.constdata)
    n_TIM2_using_sensors                     0x000011d1   Data           1  ultrasonic_sensor.o(.constdata)
    n_TIM3_using_sensors                     0x000011d2   Data           1  ultrasonic_sensor.o(.constdata)
    Region$$Table$$Base                      0x000011d4   Number         0  anon$$obj.o(Region$$Table)
    Region$$Table$$Limit                     0x000011f4   Number         0  anon$$obj.o(Region$$Table)
    i                                        0x10000000   Data           4  main.o(.data)
    ultrasonic0                              0x10000004   Data          40  ultrasonic_sensor.o(.data)
    ultrasonic1                              0x1000002c   Data          40  ultrasonic_sensor.o(.data)
    ultrasonic2                              0x10000054   Data          40  ultrasonic_sensor.o(.data)
    ultrasonic3                              0x1000007c   Data          40  ultrasonic_sensor.o(.data)
    ultrasonic                               0x100000a4   Data          16  ultrasonic_sensor.o(.data)
    TIM2_using_sensors                       0x100000b4   Data           8  ultrasonic_sensor.o(.data)
    TIM3_using_sensors                       0x100000bc   Data           8  ultrasonic_sensor.o(.data)
    is_trig_rising                           0x100000c4   Data           1  ultrasonic_sensor.o(.data)
    is_echo_rising                           0x100000c5   Data           1  ultrasonic_sensor.o(.data)
    ultrasonic_updated                       0x100000c6   Data           1  ultrasonic_sensor.o(.data)
    push_button_pressed                      0x100000c7   Data           1  push_button.o(.data)
    action_current                           0x100000c8   Data           1  action.o(.data)
    dt_nodes                                 0x100000cc   Data         500  decision_tree.o(.data)
    dt_result                                0x100002c0   Data           1  decision_tree.o(.data)
    SystemCoreClock                          0x100002c4   Data           4  system_lpc407x_8x_177x_8x.o(.data)
    PeripheralClock                          0x100002c8   Data           4  system_lpc407x_8x_177x_8x.o(.data)
    EMCClock                                 0x100002cc   Data           4  system_lpc407x_8x_177x_8x.o(.data)
    USBClock                                 0x100002d0   Data           4  system_lpc407x_8x_177x_8x.o(.data)
    __microlib_freelist                      0x100002d4   Data           4  mvars.o(.data)
    __microlib_freelist_initialised          0x100002d8   Data           4  mvars.o(.data)
    last_measurement                         0x100002dc   Data          16  ultrasonic_sensor.o(.bss)
    ultrasonic_distance                      0x100002ec   Data          16  ultrasonic_sensor.o(.bss)
    __heap_base                              0x10000300   Data           0  startup_lpc407x_8x_177x_8x.o(HEAP)
    __heap_limit                             0x10000300   Data           0  startup_lpc407x_8x_177x_8x.o(HEAP)
    __initial_sp                             0x10000700   Data           0  startup_lpc407x_8x_177x_8x.o(STACK)



==============================================================================

Memory Map of the image

  Image Entry point : 0x000000f9

  Load Region LR_1 (Base: 0x00000000, Size: 0x000014d0, Max: 0xffffffff, ABSOLUTE, COMPRESSED[0x00001328])

    Execution Region ER_RO (Exec base: 0x00000000, Load base: 0x00000000, Size: 0x000011f4, Max: 0xffffffff, ABSOLUTE)

    Exec Addr    Load Addr    Size         Type   Attr      Idx    E Section Name        Object

    0x00000000   0x00000000   0x000000e4   Data   RO         6080    RESET               startup_lpc407x_8x_177x_8x.o
    0x000000e4   0x000000e4   0x00000000   Code   RO         6209  * .ARM.Collect$$$$00000000  mc_w.l(entry.o)
    0x000000e4   0x000000e4   0x00000004   Code   RO         6309    .ARM.Collect$$$$00000001  mc_w.l(entry2.o)
    0x000000e8   0x000000e8   0x00000004   Code   RO         6312    .ARM.Collect$$$$00000004  mc_w.l(entry5.o)
    0x000000ec   0x000000ec   0x00000000   Code   RO         6314    .ARM.Collect$$$$00000008  mc_w.l(entry7b.o)
    0x000000ec   0x000000ec   0x00000000   Code   RO         6316    .ARM.Collect$$$$0000000A  mc_w.l(entry8b.o)
    0x000000ec   0x000000ec   0x00000008   Code   RO         6317    .ARM.Collect$$$$0000000B  mc_w.l(entry9a.o)
    0x000000f4   0x000000f4   0x00000000   Code   RO         6319    .ARM.Collect$$$$0000000D  mc_w.l(entry10a.o)
    0x000000f4   0x000000f4   0x00000000   Code   RO         6321    .ARM.Collect$$$$0000000F  mc_w.l(entry11a.o)
    0x000000f4   0x000000f4   0x00000004   Code   RO         6310    .ARM.Collect$$$$00002712  mc_w.l(entry2.o)
    0x000000f8   0x000000f8   0x00000024   Code   RO         6082  * .text               startup_lpc407x_8x_177x_8x.o
    0x0000011c   0x0000011c   0x00000024   Code   RO         6343    .text               mc_w.l(init.o)
    0x00000140   0x00000140   0x00000056   Code   RO         6353    .text               mc_w.l(__dczerorl2.o)
    0x00000196   0x00000196   0x00000002   PAD
    0x00000198   0x00000198   0x00000024   Code   RO          335    i.EINT0_IRQHandler  push_button.o
    0x000001bc   0x000001bc   0x000000f0   Code   RO         6092    i.SystemInit        system_lpc407x_8x_177x_8x.o
    0x000002ac   0x000002ac   0x00000020   Code   RO          140    i.TIMER2_IRQHandler  ultrasonic_sensor.o
    0x000002cc   0x000002cc   0x00000020   Code   RO          141    i.TIMER3_IRQHandler  ultrasonic_sensor.o
    0x000002ec   0x000002ec   0x0000000e   Code   RO         6347    i.__scatterload_copy  mc_w.l(handlers.o)
    0x000002fa   0x000002fa   0x00000002   Code   RO         6348    i.__scatterload_null  mc_w.l(handlers.o)
    0x000002fc   0x000002fc   0x00000004   Code   RO         6081    .ARM.__at_0x02FC    startup_lpc407x_8x_177x_8x.o
    0x00000300   0x00000300   0x000002d4   Code   RO         6091    i.SystemCoreClockUpdate  system_lpc407x_8x_177x_8x.o
    0x000005d4   0x000005d4   0x000001f8   Code   RO         6093    i.SystemInit_ExtMemCtl  system_lpc407x_8x_177x_8x.o
    0x000007cc   0x000007cc   0x00000058   Code   RO          404    i.TIMER0_IRQHandler  action.o
    0x00000824   0x00000824   0x0000002c   Code   RO         6094    i._DelayMs          system_lpc407x_8x_177x_8x.o
    0x00000850   0x00000850   0x0000000e   Code   RO         6349    i.__scatterload_zeroinit  mc_w.l(handlers.o)
    0x0000085e   0x0000085e   0x00000032   Code   RO          405    i.action_enum_to_action  action.o
    0x00000890   0x00000890   0x00000078   Code   RO          406    i.action_init       action.o
    0x00000908   0x00000908   0x00000024   Code   RO          407    i.action_move_forward  action.o
    0x0000092c   0x0000092c   0x00000028   Code   RO          408    i.action_sharp_right_turn  action.o
    0x00000954   0x00000954   0x00000028   Code   RO          409    i.action_slight_left_turn  action.o
    0x0000097c   0x0000097c   0x00000028   Code   RO          410    i.action_slight_right_turn  action.o
    0x000009a4   0x000009a4   0x00000040   Code   RO          601    i.dt_predict        decision_tree.o
    0x000009e4   0x000009e4   0x00000050   Code   RO         6095    i.fpu_init          system_lpc407x_8x_177x_8x.o
    0x00000a34   0x00000a34   0x00000050   Code   RO         6230    i.free              mc_w.l(malloc.o)
    0x00000a84   0x00000a84   0x00000050   Code   RO            4    i.handle_action_idle  main.o
    0x00000ad4   0x00000ad4   0x00000030   Code   RO            6    i.handle_push_button_pressed_test  main.o
    0x00000b04   0x00000b04   0x00000034   Code   RO            7    i.handle_ultrasonic_updated_led  main.o
    0x00000b38   0x00000b38   0x00000018   Code   RO            8    i.init              main.o
    0x00000b50   0x00000b50   0x00000058   Code   RO          206    i.led_init          led.o
    0x00000ba8   0x00000ba8   0x00000050   Code   RO          207    i.led_turn_off      led.o
    0x00000bf8   0x00000bf8   0x00000050   Code   RO          209    i.led_turn_on       led.o
    0x00000c48   0x00000c48   0x0000000c   Code   RO            9    i.main              main.o
    0x00000c54   0x00000c54   0x0000006c   Code   RO         6231    i.malloc            mc_w.l(malloc.o)
    0x00000cc0   0x00000cc0   0x0000001c   Code   RO          257    i.motor1_backward   motor_driver.o
    0x00000cdc   0x00000cdc   0x0000001c   Code   RO          258    i.motor1_forward    motor_driver.o
    0x00000cf8   0x00000cf8   0x00000028   Code   RO          259    i.motor1_update_duty_cycle  motor_driver.o
    0x00000d20   0x00000d20   0x0000001c   Code   RO          260    i.motor2_backward   motor_driver.o
    0x00000d3c   0x00000d3c   0x0000001c   Code   RO          261    i.motor2_forward    motor_driver.o
    0x00000d58   0x00000d58   0x00000028   Code   RO          262    i.motor2_update_duty_cycle  motor_driver.o
    0x00000d80   0x00000d80   0x0000000c   Code   RO          264    i.motor_both_forward  motor_driver.o
    0x00000d8c   0x00000d8c   0x00000012   Code   RO          265    i.motor_both_update_duty_cycle  motor_driver.o
    0x00000d9e   0x00000d9e   0x00000002   PAD
    0x00000da0   0x00000da0   0x000000c8   Code   RO          266    i.motor_init        motor_driver.o
    0x00000e68   0x00000e68   0x00000060   Code   RO          336    i.push_button_init  push_button.o
    0x00000ec8   0x00000ec8   0x0000001e   Code   RO          411    i.start_timer_and_stop_after  action.o
    0x00000ee6   0x00000ee6   0x0000001e   Code   RO          142    i.start_triggering  ultrasonic_sensor.o
    0x00000f04   0x00000f04   0x0000017c   Code   RO          143    i.ultrasonic_handle_single  ultrasonic_sensor.o
    0x00001080   0x00001080   0x00000038   Code   RO          144    i.ultrasonic_init   ultrasonic_sensor.o
    0x000010b8   0x000010b8   0x000000cc   Code   RO          145    i.ultrasonic_init_single  ultrasonic_sensor.o
    0x00001184   0x00001184   0x0000004c   Code   RO           10    i.update            main.o
    0x000011d0   0x000011d0   0x00000003   Data   RO          147    .constdata          ultrasonic_sensor.o
    0x000011d3   0x000011d3   0x00000001   PAD
    0x000011d4   0x000011d4   0x00000020   Data   RO         6345    Region$$Table       anon$$obj.o


    Execution Region ER_RW (Exec base: 0x10000000, Load base: 0x000011f4, Size: 0x000002dc, Max: 0xffffffff, ABSOLUTE, COMPRESSED[0x00000134])

    Exec Addr    Load Addr    Size         Type   Attr      Idx    E Section Name        Object

    0x10000000   COMPRESSED   0x00000004   Data   RW           11    .data               main.o
    0x10000004   COMPRESSED   0x000000c3   Data   RW          148    .data               ultrasonic_sensor.o
    0x100000c7   COMPRESSED   0x00000001   Data   RW          337    .data               push_button.o
    0x100000c8   COMPRESSED   0x00000001   Data   RW          412    .data               action.o
    0x100000c9   COMPRESSED   0x00000003   PAD
    0x100000cc   COMPRESSED   0x000001f5   Data   RW          602    .data               decision_tree.o
    0x100002c1   COMPRESSED   0x00000003   PAD
    0x100002c4   COMPRESSED   0x00000010   Data   RW         6096    .data               system_lpc407x_8x_177x_8x.o
    0x100002d4   COMPRESSED   0x00000004   Data   RW         6325    .data               mc_w.l(mvars.o)
    0x100002d8   COMPRESSED   0x00000004   Data   RW         6326    .data               mc_w.l(mvars.o)


    Execution Region ER_ZI (Exec base: 0x100002dc, Load base: 0x00001328, Size: 0x00000424, Max: 0xffffffff, ABSOLUTE)

    Exec Addr    Load Addr    Size         Type   Attr      Idx    E Section Name        Object

    0x100002dc        -       0x00000020   Zero   RW          146    .bss                ultrasonic_sensor.o
    0x100002fc   0x00001328   0x00000004   PAD
    0x10000300        -       0x00000000   Zero   RW         6079    HEAP                startup_lpc407x_8x_177x_8x.o
    0x10000300        -       0x00000400   Zero   RW         6078    STACK               startup_lpc407x_8x_177x_8x.o


==============================================================================

Image component sizes


      Code (inc. data)   RO Data    RW Data    ZI Data      Debug   Object Name

       444         54          0          1          0       4721   action.o
        64          8          0        501          0       1474   decision_tree.o
       248         12          0          0          0       1384   led.o
       292         48          0          4          0      47427   main.o
       422         44          0          0          0       4297   motor_driver.o
       132         28          0          1          0       1264   push_button.o
        40         12        228          0       1024       1088   startup_lpc407x_8x_177x_8x.o
      1592        104          0         16          0       8655   system_lpc407x_8x_177x_8x.o
       734         54          3        195         32      35577   ultrasonic_sensor.o

    ----------------------------------------------------------------------
      3970        364        264        724       1060     105887   Object Totals
         0          0         32          0          0          0   (incl. Generated)
         2          0          1          6          4          0   (incl. Padding)

    ----------------------------------------------------------------------

      Code (inc. data)   RO Data    RW Data    ZI Data      Debug   Library Member Name

        86          0          0          0          0          0   __dczerorl2.o
         0          0          0          0          0          0   entry.o
         0          0          0          0          0          0   entry10a.o
         0          0          0          0          0          0   entry11a.o
         8          4          0          0          0          0   entry2.o
         4          0          0          0          0          0   entry5.o
         0          0          0          0          0          0   entry7b.o
         0          0          0          0          0          0   entry8b.o
         8          4          0          0          0          0   entry9a.o
        30          0          0          0          0          0   handlers.o
        36          8          0          0          0         68   init.o
       188         20          0          0          0        160   malloc.o
         0          0          0          8          0          0   mvars.o

    ----------------------------------------------------------------------
       362         36          0          8          0        228   Library Totals
         2          0          0          0          0          0   (incl. Padding)

    ----------------------------------------------------------------------

      Code (inc. data)   RO Data    RW Data    ZI Data      Debug   Library Name

       360         36          0          8          0        228   mc_w.l

    ----------------------------------------------------------------------
       362         36          0          8          0        228   Library Totals

    ----------------------------------------------------------------------

==============================================================================


      Code (inc. data)   RO Data    RW Data    ZI Data      Debug   

      4332        400        264        732       1060     102847   Grand Totals
      4332        400        264        308       1060     102847   ELF Image Totals (compressed)
      4332        400        264        308          0          0   ROM Totals

==============================================================================

    Total RO  Size (Code + RO Data)                 4596 (   4.49kB)
    Total RW  Size (RW Data + ZI Data)              1792 (   1.75kB)
    Total ROM Size (Code + RO Data + RW Data)       4904 (   4.79kB)

==============================================================================

